Component: ARM Compiler 5.05 update 1 (build 106) Tool: armlink [4d0efa]

==============================================================================

Section Cross References

    startup_stm32f10x_md.o(STACK) refers (Special) to heapauxi.o(.text) for __use_two_region_memory
    startup_stm32f10x_md.o(HEAP) refers (Special) to heapauxi.o(.text) for __use_two_region_memory
    startup_stm32f10x_md.o(RESET) refers (Special) to heapauxi.o(.text) for __use_two_region_memory
    startup_stm32f10x_md.o(RESET) refers to startup_stm32f10x_md.o(STACK) for __initial_sp
    startup_stm32f10x_md.o(RESET) refers to startup_stm32f10x_md.o(.text) for Reset_Handler
    startup_stm32f10x_md.o(RESET) refers to control.o(.text) for EXTI9_5_IRQHandler
    startup_stm32f10x_md.o(.text) refers (Special) to heapauxi.o(.text) for __use_two_region_memory
    startup_stm32f10x_md.o(.text) refers to __main.o(!!!main) for __main
    startup_stm32f10x_md.o(.text) refers to startup_stm32f10x_md.o(HEAP) for Heap_Mem
    startup_stm32f10x_md.o(.text) refers to startup_stm32f10x_md.o(STACK) for Stack_Mem
    main.o(.text) refers to sys.o(.text) for Stm32_Clock_Init
    main.o(.text) refers to delay.o(.text) for delay_init
    main.o(.text) refers to led.o(.text) for LED_Init
    main.o(.text) refers to usart.o(.text) for uart_init
    main.o(.text) refers to ioi2c.o(.text) for IIC_Init
    main.o(.text) refers to mpu6050.o(.text) for MPU6050_initialize
    main.o(.text) refers to exti.o(.text) for EXTI_Init
    main.o(.text) refers to main.o(.data) for delay_flag
    delay.o(.text) refers to delay.o(.data) for fac_us
    sys.o(.text) refers to sys.o(.emb_text) for WFI_SET
    usart.o(.text) refers (Special) to use_no_semi_2.o(.text) for __use_no_semihosting
    usart.o(.text) refers to fflt_clz.o(x$fpl$ffltu) for __aeabi_ui2f
    usart.o(.text) refers to fdiv.o(x$fpl$fdiv) for __aeabi_fdiv
    usart.o(.text) refers to ffixu.o(x$fpl$ffixu) for __aeabi_f2uiz
    usart.o(.text) refers to faddsub_clz.o(x$fpl$frsb) for __aeabi_frsub
    usart.o(.text) refers to fmul.o(x$fpl$fmul) for __aeabi_fmul
    usart.o(.data) refers (Special) to use_no_semi_2.o(.text) for __use_no_semihosting
    ioi2c.o(.text) refers to delay.o(.text) for delay_us
    exti.o(.text) refers to sys.o(.text) for Ex_NVIC_Config
    control.o(.text) refers to mpu6050.o(.text) for Read_DMP
    control.o(.text) refers to daddsub_clz.o(x$fpl$dsub) for __aeabi_dsub
    control.o(.text) refers to drleqf.o(x$fpl$drleqf) for __aeabi_cdrcmple
    control.o(.text) refers to main.o(.data) for delay_flag
    control.o(.text) refers to control.o(.data) for counter
    control.o(.text) refers to rollingball.o(.bss) for accel_1
    inv_mpu.o(.text) refers to _printf_percent.o(.ARM.Collect$$_printf_percent$$00000000) for _printf_percent
    inv_mpu.o(.text) refers to _printf_d.o(.ARM.Collect$$_printf_percent$$00000009) for _printf_d
    inv_mpu.o(.text) refers to _printf_dec.o(.text) for _printf_int_dec
    inv_mpu.o(.text) refers to ioi2c.o(.text) for i2cWrite
    inv_mpu.o(.text) refers to delay.o(.text) for delay_ms
    inv_mpu.o(.text) refers to inv_mpu.o(.data) for st
    inv_mpu.o(.text) refers to noretval__2printf.o(.text) for __2printf
    inv_mpu.o(.text) refers to fflt_clz.o(x$fpl$ffltu) for __aeabi_ui2f
    inv_mpu.o(.text) refers to fflt_clz.o(x$fpl$fflt) for __aeabi_i2f
    inv_mpu.o(.text) refers to faddsub_clz.o(x$fpl$fsub) for __aeabi_fsub
    inv_mpu.o(.text) refers to fdiv.o(x$fpl$fdiv) for __aeabi_fdiv
    inv_mpu.o(.text) refers to faddsub_clz.o(x$fpl$fadd) for __aeabi_fadd
    inv_mpu.o(.text) refers to fmul.o(x$fpl$fmul) for __aeabi_fmul
    inv_mpu.o(.text) refers to ffix.o(x$fpl$ffix) for __aeabi_f2iz
    inv_mpu.o(.text) refers to inv_mpu.o(.conststring) for .conststring
    inv_mpu.o(.text) refers to feqf.o(x$fpl$feqf) for __aeabi_cfcmpeq
    inv_mpu.o(.text) refers to frleqf.o(x$fpl$frleqf) for __aeabi_cfrcmple
    inv_mpu.o(.text) refers to fleqf.o(x$fpl$fleqf) for __aeabi_cfcmple
    inv_mpu.o(.text) refers to inv_mpu.o(.constdata) for test
    inv_mpu.o(.text) refers to llsdiv.o(.text) for __aeabi_ldivmod
    inv_mpu.o(.text) refers to memcmp.o(.text) for memcmp
    inv_mpu.o(.data) refers to inv_mpu.o(.constdata) for reg
    inv_mpu_dmp_motion_driver.o(.text) refers to inv_mpu.o(.text) for mpu_load_firmware
    inv_mpu_dmp_motion_driver.o(.text) refers to inv_mpu_dmp_motion_driver.o(.constdata) for dmp_memory
    inv_mpu_dmp_motion_driver.o(.text) refers to inv_mpu_dmp_motion_driver.o(.bss) for dmp
    inv_mpu_dmp_motion_driver.o(.text) refers to fflt_clz.o(x$fpl$ffltu) for __aeabi_ui2f
    inv_mpu_dmp_motion_driver.o(.text) refers to fdiv.o(x$fpl$fdiv) for __aeabi_fdiv
    inv_mpu_dmp_motion_driver.o(.text) refers to fmul.o(x$fpl$fmul) for __aeabi_fmul
    inv_mpu_dmp_motion_driver.o(.text) refers to ffixu.o(x$fpl$ffixu) for __aeabi_f2uiz
    inv_mpu_dmp_motion_driver.o(.text) refers to aeabi_memset.o(.text) for __aeabi_memset
[...]
    libinit.o(.ARM.Collect$$libinit$$00000000) refers (Special) to libinit2.o(.ARM.Collect$$libinit$$00000004) for __rt_lib_init_preinit_1
    libinit.o(.ARM.Collect$$libinit$$00000000) refers (Special) to libinit2.o(.ARM.Collect$$libinit$$0000000E) for __rt_lib_init_rand_1
    libinit.o(.ARM.Collect$$libinit$$00000000) refers (Special) to libinit2.o(.ARM.Collect$$libinit$$00000033) for __rt_lib_init_return
    libinit.o(.ARM.Collect$$libinit$$00000000) refers (Special) to libinit2.o(.ARM.Collect$$libinit$$0000001D) for __rt_lib_init_signal_1
    libinit.o(.ARM.Collect$$libinit$$00000000) refers (Special) to libinit2.o(.ARM.Collect$$libinit$$00000025) for __rt_lib_init_stdio_1
    libinit.o(.ARM.Collect$$libinit$$00000000) refers (Special) to libinit2.o(.ARM.Collect$$libinit$$0000000C) for __rt_lib_init_user_alloc_1
    libspace.o(.text) refers to libspace.o(.bss) for __libspace_start
    rtexit.o(.ARM.Collect$$rtexit$$00000000) refers (Special) to rtexit2.o(.ARM.Collect$$rtexit$$00000004) for __rt_exit_exit
    rtexit.o(.ARM.Collect$$rtexit$$00000000) refers (Special) to rtexit2.o(.ARM.Collect$$rtexit$$00000003) for __rt_exit_ls
    rtexit.o(.ARM.Collect$$rtexit$$00000000) refers (Special) to rtexit2.o(.ARM.Collect$$rtexit$$00000002) for __rt_exit_prels_1
    rtexit.o(.ARM.exidx) refers (Special) to rtexit2.o(.ARM.Collect$$rtexit$$00000004) for __rt_exit_exit
    rtexit.o(.ARM.exidx) refers (Special) to rtexit2.o(.ARM.Collect$$rtexit$$00000003) for __rt_exit_ls
    rtexit.o(.ARM.exidx) refers (Special) to rtexit2.o(.ARM.Collect$$rtexit$$00000002) for __rt_exit_prels_1
    rtexit.o(.ARM.exidx) refers to rtexit.o(.ARM.Collect$$rtexit$$00000000) for .ARM.Collect$$rtexit$$00000000
    defsig_fpe_outer.o(.text) refers to defsig_fpe_inner.o(.text) for __rt_SIGFPE_inner
    defsig_fpe_outer.o(.text) refers to defsig_exit.o(.text) for __sig_exit
    defsig_fpe_formal.o(.text) refers to rt_raise.o(.text) for __rt_raise
    libinit2.o(.ARM.Collect$$libinit$$00000010) refers to libinit2.o(.ARM.Collect$$libinit$$0000000F) for .ARM.Collect$$libinit$$0000000F
    libinit2.o(.ARM.Collect$$libinit$$00000012) refers to libinit2.o(.ARM.Collect$$libinit$$0000000F) for .ARM.Collect$$libinit$$0000000F
    libinit2.o(.ARM.Collect$$libinit$$00000014) refers to libinit2.o(.ARM.Collect$$libinit$$0000000F) for .ARM.Collect$$libinit$$0000000F
    libinit2.o(.ARM.Collect$$libinit$$00000016) refers to libinit2.o(.ARM.Collect$$libinit$$0000000F) for .ARM.Collect$$libinit$$0000000F
    libinit2.o(.ARM.Collect$$libinit$$00000018) refers to libinit2.o(.ARM.Collect$$libinit$$0000000F) for .ARM.Collect$$libinit$$0000000F
    libinit2.o(.ARM.Collect$$libinit$$00000026) refers to argv_veneer.o(.emb_text) for __ARM_argv_veneer
    libinit2.o(.ARM.Collect$$libinit$$00000027) refers to argv_veneer.o(.emb_text) for __ARM_argv_veneer
    rtexit2.o(.ARM.Collect$$rtexit$$00000003) refers to libshutdown.o(.ARM.Collect$$libshutdown$$00000000) for __rt_lib_shutdown
    rtexit2.o(.ARM.Collect$$rtexit$$00000004) refers to usart.o(.text) for _sys_exit
    rtexit2.o(.ARM.exidx) refers to rtexit2.o(.ARM.Collect$$rtexit$$00000001) for .ARM.Collect$$rtexit$$00000001
    rtexit2.o(.ARM.exidx) refers to rtexit2.o(.ARM.Collect$$rtexit$$00000003) for .ARM.Collect$$rtexit$$00000003
    rtexit2.o(.ARM.exidx) refers to rtexit2.o(.ARM.Collect$$rtexit$$00000004) for .ARM.Collect$$rtexit$$00000004
    rt_raise.o(.text) refers to __raise.o(.text) for __raise
    rt_raise.o(.text) refers to usart.o(.text) for _sys_exit
    defsig_exit.o(.text) refers to usart.o(.text) for _sys_exit
    defsig_fpe_inner.o(.text) refers to defsig_general.o(.text) for __default_signal_display
    argv_veneer.o(.emb_text) refers to no_argv.o(.text) for __ARM_get_argv
    __raise.o(.text) refers to defsig.o(CL$$defsig) for __default_signal_handler
    defsig_general.o(.text) refers to sys_wrch.o(.text) for _ttywrch
    _get_argv_nomalloc.o(.text) refers (Special) to hrguard.o(.text) for __heap_region$guard
    _get_argv_nomalloc.o(.text) refers to defsig_rtmem_outer.o(.text) for __rt_SIGRTMEM
    _get_argv_nomalloc.o(.text) refers to sys_command.o(.text) for _sys_command_string
    libshutdown.o(.ARM.Collect$$libshutdown$$00000000) refers (Special) to libshutdown2.o(.ARM.Collect$$libshutdown$$00000006) for __rt_lib_shutdown_fp_trap_1
    libshutdown.o(.ARM.Collect$$libshutdown$$00000000) refers (Special) to libshutdown2.o(.ARM.Collect$$libshutdown$$0000000E) for __rt_lib_shutdown_heap_1
    libshutdown.o(.ARM.Collect$$libshutdown$$00000000) refers (Special) to libshutdown2.o(.ARM.Collect$$libshutdown$$0000000F) for __rt_lib_shutdown_return
    libshutdown.o(.ARM.Collect$$libshutdown$$00000000) refers (Special) to libshutdown2.o(.ARM.Collect$$libshutdown$$00000009) for __rt_lib_shutdown_signal_1
    libshutdown.o(.ARM.Collect$$libshutdown$$00000000) refers (Special) to libshutdown2.o(.ARM.Collect$$libshutdown$$00000003) for __rt_lib_shutdown_stdio_1
    libshutdown.o(.ARM.Collect$$libshutdown$$00000000) refers (Special) to libshutdown2.o(.ARM.Collect$$libshutdown$$0000000B) for __rt_lib_shutdown_user_alloc_1
    sys_wrch.o(.text) refers (Special) to use_no_semi.o(.text) for __I$use$semihosting
    sys_wrch.o(.text) refers (Special) to indicate_semi.o(.text) for __semihosting_library_function
    sys_command.o(.text) refers (Special) to use_no_semi.o(.text) for __I$use$semihosting
    sys_command.o(.text) refers (Special) to indicate_semi.o(.text) for __semihosting_library_function
    defsig_rtmem_outer.o(.text) refers to defsig_rtmem_inner.o(.text) for __rt_SIGRTMEM_inner
    defsig_rtmem_outer.o(.text) refers to defsig_exit.o(.text) for __sig_exit
    defsig_rtmem_formal.o(.text) refers to rt_raise.o(.text) for __rt_raise
    defsig.o(CL$$defsig) refers to defsig_fpe_inner.o(.text) for __rt_SIGFPE_inner
    defsig.o(CL$$defsig) refers to defsig_rtmem_inner.o(.text) for __rt_SIGRTMEM_inner
    defsig_abrt_inner.o(.text) refers to defsig_general.o(.text) for __default_signal_display
    defsig_rtred_inner.o(.text) refers to defsig_general.o(.text) for __default_signal_display
    defsig_rtmem_inner.o(.text) refers to defsig_general.o(.text) for __default_signal_display
    defsig_stak_inner.o(.text) refers to defsig_general.o(.text) for __default_signal_display
    defsig_pvfn_inner.o(.text) refers to defsig_general.o(.text) for __default_signal_display
    defsig_cppl_inner.o(.text) refers to defsig_general.o(.text) for __default_signal_display
    defsig_segv_inner.o(.text) refers to defsig_general.o(.text) for __default_signal_display
    defsig_other.o(.text) refers to defsig_general.o(.text) for __default_signal_display


==============================================================================

Image Symbol Table

    Local Symbols

    Symbol Name                              Value     Ov Type        Size  Object(Section)

    ../clib/angel/boardlib.s                 0x00000000   Number         0  boardinit1.o ABSOLUTE
    ../clib/angel/boardlib.s                 0x00000000   Number         0  boardinit2.o ABSOLUTE
    ../clib/angel/boardlib.s                 0x00000000   Number         0  boardinit3.o ABSOLUTE
    ../clib/angel/boardlib.s                 0x00000000   Number         0  boardshut.o ABSOLUTE
    ../clib/angel/handlers.s                 0x00000000   Number         0  __scatter_zi.o ABSOLUTE
    ../clib/angel/handlers.s                 0x00000000   Number         0  __scatter_copy.o ABSOLUTE
    ../clib/angel/kernel.s                   0x00000000   Number         0  __rtentry4.o ABSOLUTE
    ../clib/angel/kernel.s                   0x00000000   Number         0  __rtentry.o ABSOLUTE
    ../clib/angel/kernel.s                   0x00000000   Number         0  rtexit2.o ABSOLUTE
    ../clib/angel/kernel.s                   0x00000000   Number         0  rtexit.o ABSOLUTE
    ../clib/angel/kernel.s                   0x00000000   Number         0  __rtentry2.o ABSOLUTE
    ../clib/angel/rt.s                       0x00000000   Number         0  rt_div0.o ABSOLUTE
    ../clib/angel/rt.s                       0x00000000   Number         0  rt_raise.o ABSOLUTE
    ../clib/angel/rt.s                       0x00000000   Number         0  aeabi_ldiv0.o ABSOLUTE
    ../clib/angel/rt.s                       0x00000000   Number         0  aeabi_ldiv0_sigfpe.o ABSOLUTE
    ../clib/angel/scatter.s                  0x00000000   Number         0  __scatter.o ABSOLUTE
    ../clib/angel/startup.s                  0x00000000   Number         0  __main.o ABSOLUTE
    ../clib/angel/sys.s                      0x00000000   Number         0  sys_stackheap_outer.o ABSOLUTE
    ../clib/angel/sys.s                      0x00000000   Number         0  indicate_semi.o ABSOLUTE
    ../clib/angel/sys.s                      0x00000000   Number         0  use_no_semi.o ABSOLUTE
    ../clib/angel/sys.s                      0x00000000   Number         0  libspace.o ABSOLUTE
    ../clib/angel/sys.s                      0x00000000   Number         0  use_no_semi_2.o ABSOLUTE
    ../clib/angel/sysapp.c                   0x00000000   Number         0  sys_command.o ABSOLUTE
    ../clib/angel/sysapp.c                   0x00000000   Number         0  sys_wrch.o ABSOLUTE
    ../clib/armsys.c                         0x00000000   Number         0  no_argv.o ABSOLUTE
    ../clib/armsys.c                         0x00000000   Number         0  _get_argv_nomalloc.o ABSOLUTE
    ../clib/armsys.c                         0x00000000   Number         0  argv_veneer.o ABSOLUTE
    ../clib/armsys.c                         0x00000000   Number         0  argv_veneer.o ABSOLUTE
    ../clib/heapalloc.c                      0x00000000   Number         0  hrguard.o ABSOLUTE
    ../clib/heapaux.c                        0x00000000   Number         0  heapauxi.o ABSOLUTE
    ../clib/libinit.s                        0x00000000   Number         0  libinit2.o ABSOLUTE
    ../clib/libinit.s                        0x00000000   Number         0  libshutdown.o ABSOLUTE
    ../clib/libinit.s                        0x00000000   Number         0  libshutdown2.o ABSOLUTE
    ../clib/libinit.s                        0x00000000   Number         0  libinit.o ABSOLUTE
    ../clib/longlong.s                       0x00000000   Number         0  lludivv7m.o ABSOLUTE
    ../clib/longlong.s                       0x00000000   Number         0  llsdiv.o ABSOLUTE
    ../clib/memcpset.s                       0x00000000   Number         0  rt_memcpy_w.o ABSOLUTE
    ../clib/memcpset.s                       0x00000000   Number         0  rt_memclr_w.o ABSOLUTE
    ../clib/memcpset.s                       0x00000000   Number         0  rt_memclr.o ABSOLUTE
    ../clib/memcpset.s                       0x00000000   Number         0  aeabi_memset.o ABSOLUTE
    ../clib/printf.c                         0x00000000   Number         0  __2printf.o ABSOLUTE
    ../clib/printf.c                         0x00000000   Number         0  noretval__2printf.o ABSOLUTE
    ../clib/printf.c                         0x00000000   Number         0  __printf_flags_ss_wp.o ABSOLUTE
    ../clib/printf.c                         0x00000000   Number         0  __printf.o ABSOLUTE
    ../clib/printf.c                         0x00000000   Number         0  _printf_char_common.o ABSOLUTE
    ../clib/printf.c                         0x00000000   Number         0  _printf_dec.o ABSOLUTE
    ../clib/printf.c                         0x00000000   Number         0  __printf_flags.o ABSOLUTE
    ../clib/printf.c                         0x00000000   Number         0  __printf_ss.o ABSOLUTE
    ../clib/printf.c                         0x00000000   Number         0  __printf_wp.o ABSOLUTE
    ../clib/printf.c                         0x00000000   Number         0  __printf_flags_wp.o ABSOLUTE
    ../clib/printf.c                         0x00000000   Number         0  __printf_ss_wp.o ABSOLUTE
    ../clib/printf.c                         0x00000000   Number         0  _printf_intcommon.o ABSOLUTE
    ../clib/printf.c                         0x00000000   Number         0  _printf_char_file.o ABSOLUTE
    ../clib/printf.c                         0x00000000   Number         0  __printf_nopercent.o ABSOLUTE
    ../clib/printf.c                         0x00000000   Number         0  __printf_flags_ss.o ABSOLUTE
    ../clib/printf_percent.s                 0x00000000   Number         0  _printf_percent.o ABSOLUTE
    ../clib/printf_percent.s                 0x00000000   Number         0  _printf_percent_end.o ABSOLUTE
    ../clib/printf_percent.s                 0x00000000   Number         0  _printf_d.o ABSOLUTE
    ../clib/signal.c                         0x00000000   Number         0  defsig_other.o ABSOLUTE
    ../clib/signal.c                         0x00000000   Number         0  defsig_segv_inner.o ABSOLUTE
    ../clib/signal.c                         0x00000000   Number         0  defsig_cppl_inner.o ABSOLUTE
    ../clib/signal.c                         0x00000000   Number         0  defsig_exit.o ABSOLUTE
    ../clib/signal.c                         0x00000000   Number         0  __raise.o ABSOLUTE
    ../clib/signal.c                         0x00000000   Number         0  defsig_rtmem_outer.o ABSOLUTE
    ../clib/signal.c                         0x00000000   Number         0  defsig_fpe_formal.o ABSOLUTE
    ../clib/signal.c                         0x00000000   Number         0  defsig_fpe_outer.o ABSOLUTE
    ../clib/signal.c                         0x00000000   Number         0  defsig_abrt_inner.o ABSOLUTE
    ../clib/signal.c                         0x00000000   Number         0  defsig_rtred_inner.o ABSOLUTE
    ../clib/signal.c                         0x00000000   Number         0  defsig_rtmem_formal.o ABSOLUTE
    ../clib/signal.c                         0x00000000   Number         0  defsig_rtmem_inner.o ABSOLUTE
    ../clib/signal.c                         0x00000000   Number         0  defsig_stak_inner.o ABSOLUTE
    ../clib/signal.c                         0x00000000   Number         0  defsig_general.o ABSOLUTE
    ../clib/signal.c                         0x00000000   Number         0  defsig_pvfn_inner.o ABSOLUTE
    ../clib/signal.c                         0x00000000   Number         0  defsig_fpe_inner.o ABSOLUTE
    ../clib/signal.s                         0x00000000   Number         0  defsig.o ABSOLUTE
    ../clib/stdio.c                          0x00000000   Number         0  ferror_locked.o ABSOLUTE
    ../clib/stdio.c                          0x00000000   Number         0  ferror.o ABSOLUTE
    ../clib/stdlib.c                         0x00000000   Number         0  exit.o ABSOLUTE
    ../clib/string.c                         0x00000000   Number         0  memcmp.o ABSOLUTE
    ../fplib/d2f.s                           0x00000000   Number         0  d2f.o ABSOLUTE
    ../fplib/daddsub.s                       0x00000000   Number         0  daddsub_clz.o ABSOLUTE
    ../fplib/dcmpi.s                         0x00000000   Number         0  dcmpi.o ABSOLUTE
    ../fplib/ddiv.s                          0x00000000   Number         0  ddiv.o ABSOLUTE
    ../fplib/dflt.s                          0x00000000   Number         0  dflt_clz.o ABSOLUTE
    ../fplib/dleqf.s                         0x00000000   Number         0  dleqf.o ABSOLUTE
    ../fplib/dmul.s                          0x00000000   Number         0  dmul.o ABSOLUTE
    ../fplib/dnaninf.s                       0x00000000   Number         0  dnaninf.o ABSOLUTE
    ../fplib/dretinf.s                       0x00000000   Number         0  dretinf.o ABSOLUTE
    ../fplib/drleqf.s                        0x00000000   Number         0  drleqf.o ABSOLUTE
    ../fplib/f2d.s                           0x00000000   Number         0  f2d.o ABSOLUTE
    ../fplib/faddsub.s                       0x00000000   Number         0  faddsub_clz.o ABSOLUTE
    ../fplib/fcmpi.s                         0x00000000   Number         0  fcmpi.o ABSOLUTE
    ../fplib/fdiv.s                          0x00000000   Number         0  fdiv.o ABSOLUTE
    ../fplib/feqf.s                          0x00000000   Number         0  feqf.o ABSOLUTE
    ../fplib/ffix.s                          0x00000000   Number         0  ffix.o ABSOLUTE
    ../fplib/ffixu.s                         0x00000000   Number         0  ffixu.o ABSOLUTE
    ../fplib/fflt.s                          0x00000000   Number         0  fflt_clz.o ABSOLUTE
    ../fplib/fleqf.s                         0x00000000   Number         0  fleqf.o ABSOLUTE
    ../fplib/fmul.s                          0x00000000   Number         0  fmul.o ABSOLUTE
    ../fplib/fnaninf.s                       0x00000000   Number         0  fnaninf.o ABSOLUTE
    ../fplib/fpinit.s                        0x00000000   Number         0  fpinit.o ABSOLUTE
    ../fplib/fretinf.s                       0x00000000   Number         0  fretinf.o ABSOLUTE
    ../fplib/frleqf.s                        0x00000000   Number         0  frleqf.o ABSOLUTE
    ../fplib/usenofp.s                       0x00000000   Number         0  usenofp.o ABSOLUTE
    ..\Ball\CONTROL\control.c                0x00000000   Number         0  control.o ABSOLUTE
    ..\Ball\DMP\inv_mpu.c                    0x00000000   Number         0  inv_mpu.o ABSOLUTE
    ..\Ball\DMP\inv_mpu_dmp_motion_driver.c  0x00000000   Number         0  inv_mpu_dmp_motion_driver.o ABSOLUTE
    ..\Ball\HanWork\RollingBall.c            0x00000000   Number         0  rollingball.o ABSOLUTE
    ..\Ball\MPU6050\MPU6050.c                0x00000000   Number         0  mpu6050.o ABSOLUTE
    ..\HARDWARE\EXTI\exti.c                  0x00000000   Number         0  exti.o ABSOLUTE
    ..\HARDWARE\IIC\IOI2C.c                  0x00000000   Number         0  ioi2c.o ABSOLUTE
    ..\HARDWARE\LED\LED.C                    0x00000000   Number         0  led.o ABSOLUTE
    ..\SYSTEM\delay\delay.c                  0x00000000   Number         0  delay.o ABSOLUTE
    ..\SYSTEM\sys\sys.c                      0x00000000   Number         0  sys.o ABSOLUTE
    ..\SYSTEM\usart\usart.c                  0x00000000   Number         0  usart.o ABSOLUTE
    ..\\SYSTEM\\sys\\sys.c                   0x00000000   Number         0  sys.o ABSOLUTE
    dc.s                                     0x00000000   Number         0  dc.o ABSOLUTE
    main.c                                   0x00000000   Number         0  main.o ABSOLUTE
    startup_stm32f10x_md.s                   0x00000000   Number         0  startup_stm32f10x_md.o ABSOLUTE
    RESET                                    0x08000000   Section      236  startup_stm32f10x_md.o(RESET)
    !!!main                                  0x080000ec   Section        8  __main.o(!!!main)
    !!!scatter                               0x080000f4   Section       52  __scatter.o(!!!scatter)
    !!handler_copy                           0x08000128   Section       26  __scatter_copy.o(!!handler_copy)
    !!handler_zi                             0x08000144   Section       28  __scatter_zi.o(!!handler_zi)
    .ARM.Collect$$_printf_percent$$00000000  0x08000160   Section        0  _printf_percent.o(.ARM.Collect$$_printf_percent$$00000000)
    .ARM.Collect$$_printf_percent$$00000009  0x08000160   Section        6  _printf_d.o(.ARM.Collect$$_printf_percent$$00000009)
    .ARM.Collect$$_printf_percent$$00000017  0x08000166   Section        4  _printf_percent_end.o(.ARM.Collect$$_printf_percent$$00000017)
    .ARM.Collect$$libinit$$00000000          0x0800016a   Section        2  libinit.o(.ARM.Collect$$libinit$$00000000)
    .ARM.Collect$$libinit$$00000002          0x0800016c   Section        0  libinit2.o(.ARM.Collect$$libinit$$00000002)
    .ARM.Collect$$libinit$$00000004          0x0800016c   Section        0  libinit2.o(.ARM.Collect$$libinit$$00000004)
    .ARM.Collect$$libinit$$0000000A          0x0800016c   Section        0  libinit2.o(.ARM.Collect$$libinit$$0000000A)
    .ARM.Collect$$libinit$$0000000C          0x0800016c   Section        0  libinit2.o(.ARM.Collect$$libinit$$0000000C)
    .ARM.Collect$$libinit$$0000000E          0x0800016c   Section        0  libinit2.o(.ARM.Collect$$libinit$$0000000E)
    .ARM.Collect$$libinit$$00000011          0x0800016c   Section        0  libinit2.o(.ARM.Collect$$libinit$$00000011)
    .ARM.Collect$$libinit$$00000013          0x0800016c   Section        0  libinit2.o(.ARM.Collect$$libinit$$00000013)
    .ARM.Collect$$libinit$$00000015          0x0800016c   Section        0  libinit2.o(.ARM.Collect$$libinit$$00000015)
    .ARM.Collect$$libinit$$00000017          0x0800016c   Section        0  libinit2.o(.ARM.Collect$$libinit$$00000017)
    .ARM.Collect$$libinit$$00000019          0x0800016c   Section        0  libinit2.o(.ARM.Collect$$libinit$$00000019)
    .ARM.Collect$$libinit$$0000001B          0x0800016c   Section        0  libinit2.o(.ARM.Collect$$libinit$$0000001B)
    .ARM.Collect$$libinit$$0000001D          0x0800016c   Section        0  libinit2.o(.ARM.Collect$$libinit$$0000001D)
    .ARM.Collect$$libinit$$0000001F          0x0800016c   Section        0  libinit2.o(.ARM.Collect$$libinit$$0000001F)
    .ARM.Collect$$libinit$$00000021          0x0800016c   Section        0  libinit2.o(.ARM.Collect$$libinit$$00000021)
    .ARM.Collect$$libinit$$00000023          0x0800016c   Section        0  libinit2.o(.ARM.Collect$$libinit$$00000023)
    .ARM.Collect$$libinit$$00000025          0x0800016c   Section        0  libinit2.o(.ARM.Collect$$libinit$$00000025)
    .ARM.Collect$$libinit$$0000002C          0x0800016c   Section        0  libinit2.o(.ARM.Collect$$libinit$$0000002C)
    .ARM.Collect$$libinit$$0000002E          0x0800016c   Section        0  libinit2.o(.ARM.Collect$$libinit$$0000002E)
    .ARM.Collect$$libinit$$00000030          0x0800016c   Section        0  libinit2.o(.ARM.Collect$$libinit$$00000030)
    .ARM.Collect$$libinit$$00000032          0x0800016c   Section        0  libinit2.o(.ARM.Collect$$libinit$$00000032)
    .ARM.Collect$$libinit$$00000033          0x0800016c   Section        2  libinit2.o(.ARM.Collect$$libinit$$00000033)
    .ARM.Collect$$libshutdown$$00000000      0x0800016e   Section        2  libshutdown.o(.ARM.Collect$$libshutdown$$00000000)
    .ARM.Collect$$libshutdown$$00000003      0x08000170   Section        0  libshutdown2.o(.ARM.Collect$$libshutdown$$00000003)
    .ARM.Collect$$libshutdown$$00000006      0x08000170   Section        0  libshutdown2.o(.ARM.Collect$$libshutdown$$00000006)
    .ARM.Collect$$libshutdown$$00000009      0x08000170   Section        0  libshutdown2.o(.ARM.Collect$$libshutdown$$00000009)
    .ARM.Collect$$libshutdown$$0000000B      0x08000170   Section        0  libshutdown2.o(.ARM.Collect$$libshutdown$$0000000B)
    .ARM.Collect$$libshutdown$$0000000E      0x08000170   Section        0  libshutdown2.o(.ARM.Collect$$libshutdown$$0000000E)
    .ARM.Collect$$libshutdown$$0000000F      0x08000170   Section        2  libshutdown2.o(.ARM.Collect$$libshutdown$$0000000F)
    .ARM.Collect$$rtentry$$00000000          0x08000172   Section        0  __rtentry.o(.ARM.Collect$$rtentry$$00000000)
    .ARM.Collect$$rtentry$$00000002          0x08000172   Section        0  __rtentry2.o(.ARM.Collect$$rtentry$$00000002)
    .ARM.Collect$$rtentry$$00000004          0x08000172   Section        6  __rtentry4.o(.ARM.Collect$$rtentry$$00000004)
    .ARM.Collect$$rtentry$$00000009          0x08000178   Section        0  __rtentry2.o(.ARM.Collect$$rtentry$$00000009)
    .ARM.Collect$$rtentry$$0000000A          0x08000178   Section        4  __rtentry2.o(.ARM.Collect$$rtentry$$0000000A)
    .ARM.Collect$$rtentry$$0000000C          0x0800017c   Section        0  __rtentry2.o(.ARM.Collect$$rtentry$$0000000C)
    .ARM.Collect$$rtentry$$0000000D          0x0800017c   Section        8  __rtentry2.o(.ARM.Collect$$rtentry$$0000000D)
    .ARM.Collect$$rtexit$$00000000           0x08000184   Section        2  rtexit.o(.ARM.Collect$$rtexit$$00000000)
    .ARM.Collect$$rtexit$$00000002           0x08000186   Section        0  rtexit2.o(.ARM.Collect$$rtexit$$00000002)
    .ARM.Collect$$rtexit$$00000003           0x08000186   Section        4  rtexit2.o(.ARM.Collect$$rtexit$$00000003)
    .ARM.Collect$$rtexit$$00000004           0x0800018a   Section        6  rtexit2.o(.ARM.Collect$$rtexit$$00000004)
    .emb_text                                0x08000190   Section       12  sys.o(.emb_text)
    .text                                    0x0800019c   Section       56  startup_stm32f10x_md.o(.text)
    .text                                    0x080001d4   Section        0  main.o(.text)
    .text                                    0x08000238   Section        0  delay.o(.text)
    .text                                    0x0800030c   Section        0  sys.o(.text)
    .text                                    0x080005c8   Section        0  usart.o(.text)
    .text                                    0x080006c4   Section        0  led.o(.text)
    .text                                    0x08000790   Section        0  ioi2c.o(.text)
    .text                                    0x08000c9c   Section        0  exti.o(.text)
    .text                                    0x08000cf0   Section        0  control.o(.text)
    .text                                    0x08000ec4   Section        0  inv_mpu.o(.text)
    set_int_enable                           0x08000ec5   Thumb Code   138  inv_mpu.o(.text)
    get_accel_prod_shift                     0x0800210d   Thumb Code   168  inv_mpu.o(.text)
    accel_self_test                          0x080021b5   Thumb Code   164  inv_mpu.o(.text)
    gyro_self_test                           0x08002259   Thumb Code   280  inv_mpu.o(.text)
    get_st_biases                            0x08002371   Thumb Code  1136  inv_mpu.o(.text)
    .text                                    0x08002d54   Section        0  inv_mpu_dmp_motion_driver.o(.text)
    decode_gesture                           0x08003809   Thumb Code    94  inv_mpu_dmp_motion_driver.o(.text)
    .text                                    0x08003ac4   Section        0  mpu6050.o(.text)
    inv_row_2_scale                          0x08003ac5   Thumb Code    78  mpu6050.o(.text)
    inv_orientation_matrix_to_scalar         0x08003b13   Thumb Code    40  mpu6050.o(.text)
    run_self_test                            0x08003b3b   Thumb Code   144  mpu6050.o(.text)
    .text                                    0x080040b0   Section        2  use_no_semi_2.o(.text)
    .text                                    0x080040b2   Section       72  llsdiv.o(.text)
    .text                                    0x080040fc   Section        0  noretval__2printf.o(.text)
    .text                                    0x08004114   Section        0  __printf.o(.text)
    .text                                    0x0800417c   Section        0  _printf_dec.o(.text)
    .text                                    0x080041f4   Section        0  memcmp.o(.text)
    .text                                    0x0800424c   Section      100  rt_memcpy_w.o(.text)
    .text                                    0x080042b0   Section       16  aeabi_memset.o(.text)
    .text                                    0x080042c0   Section        0  heapauxi.o(.text)
    .text                                    0x080042c6   Section        2  use_no_semi.o(.text)
    .text                                    0x080042c8   Section      238  lludivv7m.o(.text)
    .text                                    0x080043b6   Section        0  _printf_intcommon.o(.text)
    .text                                    0x08004468   Section        0  _printf_char_file.o(.text)
    .text                                    0x0800448c   Section       68  rt_memclr.o(.text)
    .text                                    0x080044d0   Section        0  _printf_char_common.o(.text)
    _printf_input_char                       0x080044d1   Thumb Code    10  _printf_char_common.o(.text)
    .text                                    0x08004500   Section        0  ferror.o(.text)
    .text                                    0x08004508   Section       78  rt_memclr_w.o(.text)
    .text                                    0x08004556   Section       74  sys_stackheap_outer.o(.text)
    .text                                    0x080045a0   Section        0  exit.o(.text)
    .text                                    0x080045ac   Section        8  libspace.o(.text)
    x$fpl$d2f                                0x080045b4   Section       98  d2f.o(x$fpl$d2f)
    x$fpl$dadd                               0x08004618   Section      336  daddsub_clz.o(x$fpl$dadd)
    _dadd1                                   0x08004629   Thumb Code     0  daddsub_clz.o(x$fpl$dadd)
    x$fpl$dcmpinf                            0x08004768   Section       24  dcmpi.o(x$fpl$dcmpinf)
    x$fpl$ddiv                               0x08004780   Section      688  ddiv.o(x$fpl$ddiv)
    ddiv_entry                               0x08004787   Thumb Code     0  ddiv.o(x$fpl$ddiv)
    x$fpl$dflt                               0x08004a30   Section       46  dflt_clz.o(x$fpl$dflt)
    x$fpl$dleqf                              0x08004a60   Section      120  dleqf.o(x$fpl$dleqf)
    x$fpl$dmul                               0x08004ad8   Section      340  dmul.o(x$fpl$dmul)
    x$fpl$dnaninf                            0x08004c2c   Section      156  dnaninf.o(x$fpl$dnaninf)
    x$fpl$dretinf                            0x08004cc8   Section       12  dretinf.o(x$fpl$dretinf)
    x$fpl$drleqf                             0x08004cd4   Section      108  drleqf.o(x$fpl$drleqf)
    x$fpl$dsub                               0x08004d40   Section      468  daddsub_clz.o(x$fpl$dsub)
    _dsub1                                   0x08004d51   Thumb Code     0  daddsub_clz.o(x$fpl$dsub)
    x$fpl$f2d                                0x08004f14   Section       86  f2d.o(x$fpl$f2d)
    x$fpl$fadd                               0x08004f6c   Section      196  faddsub_clz.o(x$fpl$fadd)
    _fadd1                                   0x08004f7b   Thumb Code     0  faddsub_clz.o(x$fpl$fadd)
    x$fpl$fcmpinf                            0x08005030   Section       24  fcmpi.o(x$fpl$fcmpinf)
    x$fpl$fdiv                               0x08005048   Section      388  fdiv.o(x$fpl$fdiv)
    _fdiv1                                   0x08005049   Thumb Code     0  fdiv.o(x$fpl$fdiv)
    x$fpl$feqf                               0x080051cc   Section      104  feqf.o(x$fpl$feqf)
    x$fpl$ffix                               0x08005234   Section       54  ffix.o(x$fpl$ffix)
    x$fpl$ffixu                              0x0800526c   Section       62  ffixu.o(x$fpl$ffixu)
    x$fpl$fflt                               0x080052ac   Section       48  fflt_clz.o(x$fpl$fflt)
    x$fpl$ffltu                              0x080052dc   Section       38  fflt_clz.o(x$fpl$ffltu)
    x$fpl$fleqf                              0x08005304   Section      104  fleqf.o(x$fpl$fleqf)
    x$fpl$fmul                               0x0800536c   Section      258  fmul.o(x$fpl$fmul)
    x$fpl$fnaninf                            0x0800546e   Section      140  fnaninf.o(x$fpl$fnaninf)
    x$fpl$fretinf                            0x080054fa   Section       10  fretinf.o(x$fpl$fretinf)
    x$fpl$frleqf                             0x08005504   Section       98  frleqf.o(x$fpl$frleqf)
    x$fpl$frsb                               0x08005566   Section       20  faddsub_clz.o(x$fpl$frsb)
    x$fpl$fsub                               0x0800557c   Section      234  faddsub_clz.o(x$fpl$fsub)
    _fsub1                                   0x0800558b   Thumb Code     0  faddsub_clz.o(x$fpl$fsub)
    x$fpl$usenofp                            0x08005666   Section        0  usenofp.o(x$fpl$usenofp)
    .constdata                               0x08005668   Section       80  inv_mpu.o(.constdata)
    .constdata                               0x080056b8   Section     3062  inv_mpu_dmp_motion_driver.o(.constdata)
    dmp_memory                               0x080056b8   Data        3062  inv_mpu_dmp_motion_driver.o(.constdata)
    .conststring                             0x080062b0   Section       78  inv_mpu.o(.conststring)
    .data                                    0x20000000   Section        2  main.o(.data)
    .data                                    0x20000002   Section        4  delay.o(.data)
    fac_us                                   0x20000002   Data           1  delay.o(.data)
    fac_ms                                   0x20000004   Data           2  delay.o(.data)
    .data                                    0x20000008   Section        4  usart.o(.data)
    .data                                    0x20000010   Section       32  control.o(.data)
    state                                    0x20000010   Data           1  control.o(.data)
    lock                                     0x20000011   Data           1  control.o(.data)
    lockStateTiming                          0x20000012   Data           1  control.o(.data)
    counter                                  0x20000014   Data           2  control.o(.data)
    diffX                                    0x20000018   Data           8  control.o(.data)
    diffY                                    0x20000020   Data           8  control.o(.data)
    diffZ                                    0x20000028   Data           8  control.o(.data)
    .data                                    0x20000030   Section       44  inv_mpu.o(.data)
    st                                       0x20000030   Data          44  inv_mpu.o(.data)
    .data                                    0x2000005c   Section       76  mpu6050.o(.data)
    gyro_orientation                         0x2000007c   Data           9  mpu6050.o(.data)
    i                                        0x20000085   Data           1  mpu6050.o(.data)
    a                                        0x20000088   Data           4  mpu6050.o(.data)
    temp                                     0x2000008c   Data           4  mpu6050.o(.data)
    Ynx                                      0x20000090   Data           2  mpu6050.o(.data)
    Yn_1x                                    0x20000092   Data           2  mpu6050.o(.data)
    Xnx                                      0x20000094   Data           2  mpu6050.o(.data)
    Yny                                      0x20000096   Data           2  mpu6050.o(.data)
    Yn_1y                                    0x20000098   Data           2  mpu6050.o(.data)
    Xny                                      0x2000009a   Data           2  mpu6050.o(.data)
    Ynz                                      0x2000009c   Data           2  mpu6050.o(.data)
    Yn_1z                                    0x2000009e   Data           2  mpu6050.o(.data)
    Xnz                                      0x200000a0   Data           2  mpu6050.o(.data)
    .bss                                     0x200000a8   Section       16  inv_mpu_dmp_motion_driver.o(.bss)
    dmp                                      0x200000a8   Data          16  inv_mpu_dmp_motion_driver.o(.bss)
    .bss                                     0x200000b8   Section      158  mpu6050.o(.bss)
    sendPackage                              0x200000b8   Data          11  mpu6050.o(.bss)
    .bss                                     0x20000158   Section       96  rollingball.o(.bss)
    .bss                                     0x200001b8   Section       96  libspace.o(.bss)
    HEAP                                     0x20000218   Section      512  startup_stm32f10x_md.o(HEAP)
    Heap_Mem                                 0x20000218   Data         512  startup_stm32f10x_md.o(HEAP)
    STACK                                    0x20000418   Section     1024  startup_stm32f10x_md.o(STACK)
    Stack_Mem                                0x20000418   Data        1024  startup_stm32f10x_md.o(STACK)
    __initial_sp                             0x20000818   Data           0  startup_stm32f10x_md.o(STACK)

    Global Symbols

    Symbol Name                              Value     Ov Type        Size  Object(Section)

    BuildAttributes$$THM_ISAv4$P$D$K$B$S$PE$A:L22UL41UL21$X:L11$S22US41US21$IEEE1$IW$USESV6$~STKCKD$USESV7$~SHL$OSPACE$ROPI$EBA8$UX$STANDARDLIB$REQ8$PRES8$EABIv2 0x00000000   Number         0  anon$$obj.o ABSOLUTE
    __ARM_use_no_argv                        0x00000000   Number         0  main.o ABSOLUTE
    __ARM_exceptions_init                     - Undefined Weak Reference
    __alloca_initialize                       - Undefined Weak Reference
    __arm_preinit_                            - Undefined Weak Reference
    __cpp_initialize__aeabi_                  - Undefined Weak Reference
    __cxa_finalize                            - Undefined Weak Reference
    __rt_locale                               - Undefined Weak Reference
    __sigvec_lookup                           - Undefined Weak Reference
    _atexit_init                              - Undefined Weak Reference
    _call_atexit_fns                          - Undefined Weak Reference
    _clock_init                               - Undefined Weak Reference
    _fp_trap_init                             - Undefined Weak Reference
    _fp_trap_shutdown                         - Undefined Weak Reference
    _get_lc_collate                           - Undefined Weak Reference
    _get_lc_ctype                             - Undefined Weak Reference
    _get_lc_monetary                          - Undefined Weak Reference
    _get_lc_numeric                           - Undefined Weak Reference
    _get_lc_time                              - Undefined Weak Reference
    _getenv_init                              - Undefined Weak Reference
    _handle_redirection                       - Undefined Weak Reference
    _init_alloc                               - Undefined Weak Reference
    _init_user_alloc                          - Undefined Weak Reference
    _initio                                   - Undefined Weak Reference
    _mutex_acquire                            - Undefined Weak Reference
    _mutex_release                            - Undefined Weak Reference
    _printf_post_padding                      - Undefined Weak Reference
    _printf_pre_padding                       - Undefined Weak Reference
    _printf_truncate_signed                   - Undefined Weak Reference
    _printf_truncate_unsigned                 - Undefined Weak Reference
    _rand_init                                - Undefined Weak Reference
    _signal_finish                            - Undefined Weak Reference
    _signal_init                              - Undefined Weak Reference
    _terminate_alloc                          - Undefined Weak Reference
    _terminate_user_alloc                     - Undefined Weak Reference
    _terminateio                              - Undefined Weak Reference
    __Vectors_Size                           0x000000ec   Number         0  startup_stm32f10x_md.o ABSOLUTE
    __Vectors                                0x08000000   Data           4  startup_stm32f10x_md.o(RESET)
    __Vectors_End                            0x080000ec   Data           0  startup_stm32f10x_md.o(RESET)
    __main                                   0x080000ed   Thumb Code     8  __main.o(!!!main)
    __scatterload                            0x080000f5   Thumb Code     0  __scatter.o(!!!scatter)
    __scatterload_rt2                        0x080000f5   Thumb Code    44  __scatter.o(!!!scatter)
    __scatterload_rt2_thumb_only             0x080000f5   Thumb Code     0  __scatter.o(!!!scatter)
    __scatterload_null                       0x08000103   Thumb Code     0  __scatter.o(!!!scatter)
    __scatterload_copy                       0x08000129   Thumb Code    26  __scatter_copy.o(!!handler_copy)
    __scatterload_zeroinit                   0x08000145   Thumb Code    28  __scatter_zi.o(!!handler_zi)
    _printf_d                                0x08000161   Thumb Code     0  _printf_d.o(.ARM.Collect$$_printf_percent$$00000009)
    _printf_percent                          0x08000161   Thumb Code     0  _printf_percent.o(.ARM.Collect$$_printf_percent$$00000000)
    _printf_percent_end                      0x08000167   Thumb Code     0  _printf_percent_end.o(.ARM.Collect$$_printf_percent$$00000017)
    __rt_lib_init                            0x0800016b   Thumb Code     0  libinit.o(.ARM.Collect$$libinit$$00000000)
    __rt_lib_init_alloca_1                   0x0800016d   Thumb Code     0  libinit2.o(.ARM.Collect$$libinit$$0000002E)
    __rt_lib_init_argv_1                     0x0800016d   Thumb Code     0  libinit2.o(.ARM.Collect$$libinit$$0000002C)
    __rt_lib_init_atexit_1                   0x0800016d   Thumb Code     0  libinit2.o(.ARM.Collect$$libinit$$0000001B)
    __rt_lib_init_clock_1                    0x0800016d   Thumb Code     0  libinit2.o(.ARM.Collect$$libinit$$00000021)
    __rt_lib_init_cpp_1                      0x0800016d   Thumb Code     0  libinit2.o(.ARM.Collect$$libinit$$00000032)
    __rt_lib_init_exceptions_1               0x0800016d   Thumb Code     0  libinit2.o(.ARM.Collect$$libinit$$00000030)
    __rt_lib_init_fp_1                       0x0800016d   Thumb Code     0  libinit2.o(.ARM.Collect$$libinit$$00000002)
    __rt_lib_init_fp_trap_1                  0x0800016d   Thumb Code     0  libinit2.o(.ARM.Collect$$libinit$$0000001F)
    __rt_lib_init_getenv_1                   0x0800016d   Thumb Code     0  libinit2.o(.ARM.Collect$$libinit$$00000023)
    __rt_lib_init_heap_1                     0x0800016d   Thumb Code     0  libinit2.o(.ARM.Collect$$libinit$$0000000A)
    __rt_lib_init_lc_collate_1               0x0800016d   Thumb Code     0  libinit2.o(.ARM.Collect$$libinit$$00000011)
    __rt_lib_init_lc_ctype_1                 0x0800016d   Thumb Code     0  libinit2.o(.ARM.Collect$$libinit$$00000013)
    __rt_lib_init_lc_monetary_1              0x0800016d   Thumb Code     0  libinit2.o(.ARM.Collect$$libinit$$00000015)
    __rt_lib_init_lc_numeric_1               0x0800016d   Thumb Code     0  libinit2.o(.ARM.Collect$$libinit$$00000017)
    __rt_lib_init_lc_time_1                  0x0800016d   Thumb Code     0  libinit2.o(.ARM.Collect$$libinit$$00000019)
    __rt_lib_init_preinit_1                  0x0800016d   Thumb Code     0  libinit2.o(.ARM.Collect$$libinit$$00000004)
    __rt_lib_init_rand_1                     0x0800016d   Thumb Code     0  libinit2.o(.ARM.Collect$$libinit$$0000000E)
    __rt_lib_init_return                     0x0800016d   Thumb Code     0  libinit2.o(.ARM.Collect$$libinit$$00000033)
    __rt_lib_init_signal_1                   0x0800016d   Thumb Code     0  libinit2.o(.ARM.Collect$$libinit$$0000001D)
    __rt_lib_init_stdio_1                    0x0800016d   Thumb Code     0  libinit2.o(.ARM.Collect$$libinit$$00000025)
    __rt_lib_init_user_alloc_1               0x0800016d   Thumb Code     0  libinit2.o(.ARM.Collect$$libinit$$0000000C)
    __rt_lib_shutdown                        0x0800016f   Thumb Code     0  libshutdown.o(.ARM.Collect$$libshutdown$$00000000)
    __rt_lib_shutdown_fp_trap_1              0x08000171   Thumb Code     0  libshutdown2.o(.ARM.Collect$$libshutdown$$00000006)
    __rt_lib_shutdown_heap_1                 0x08000171   Thumb Code     0  libshutdown2.o(.ARM.Collect$$libshutdown$$0000000E)
    __rt_lib_shutdown_return                 0x08000171   Thumb Code     0  libshutdown2.o(.ARM.Collect$$libshutdown$$0000000F)
    __rt_lib_shutdown_signal_1               0x08000171   Thumb Code     0  libshutdown2.o(.ARM.Collect$$libshutdown$$00000009)
    __rt_lib_shutdown_stdio_1                0x08000171   Thumb Code     0  libshutdown2.o(.ARM.Collect$$libshutdown$$00000003)
    __rt_lib_shutdown_user_alloc_1           0x08000171   Thumb Code     0  libshutdown2.o(.ARM.Collect$$libshutdown$$0000000B)
    __rt_entry                               0x08000173   Thumb Code     0  __rtentry.o(.ARM.Collect$$rtentry$$00000000)
    __rt_entry_presh_1                       0x08000173   Thumb Code     0  __rtentry2.o(.ARM.Collect$$rtentry$$00000002)
    __rt_entry_sh                            0x08000173   Thumb Code     0  __rtentry4.o(.ARM.Collect$$rtentry$$00000004)
    __rt_entry_li                            0x08000179   Thumb Code     0  __rtentry2.o(.ARM.Collect$$rtentry$$0000000A)
    __rt_entry_postsh_1                      0x08000179   Thumb Code     0  __rtentry2.o(.ARM.Collect$$rtentry$$00000009)
    __rt_entry_main                          0x0800017d   Thumb Code     0  __rtentry2.o(.ARM.Collect$$rtentry$$0000000D)
    __rt_entry_postli_1                      0x0800017d   Thumb Code     0  __rtentry2.o(.ARM.Collect$$rtentry$$0000000C)
    __rt_exit                                0x08000185   Thumb Code     0  rtexit.o(.ARM.Collect$$rtexit$$00000000)
    __rt_exit_ls                             0x08000187   Thumb Code     0  rtexit2.o(.ARM.Collect$$rtexit$$00000003)
    __rt_exit_prels_1                        0x08000187   Thumb Code     0  rtexit2.o(.ARM.Collect$$rtexit$$00000002)
    __rt_exit_exit                           0x0800018b   Thumb Code     0  rtexit2.o(.ARM.Collect$$rtexit$$00000004)
    WFI_SET                                  0x08000191   Thumb Code     2  sys.o(.emb_text)
    INTX_DISABLE                             0x08000193   Thumb Code     2  sys.o(.emb_text)
    INTX_ENABLE                              0x08000195   Thumb Code     2  sys.o(.emb_text)
    MSR_MSP                                  0x08000197   Thumb Code     6  sys.o(.emb_text)
    Reset_Handler                            0x0800019d   Thumb Code     4  startup_stm32f10x_md.o(.text)
    NMI_Handler                              0x080001a1   Thumb Code     2  startup_stm32f10x_md.o(.text)
    HardFault_Handler                        0x080001a3   Thumb Code     2  startup_stm32f10x_md.o(.text)
    MemManage_Handler                        0x080001a5   Thumb Code     2  startup_stm32f10x_md.o(.text)
    BusFault_Handler                         0x080001a7   Thumb Code     2  startup_stm32f10x_md.o(.text)
    UsageFault_Handler                       0x080001a9   Thumb Code     2  startup_stm32f10x_md.o(.text)
    SVC_Handler                              0x080001ab   Thumb Code     2  startup_stm32f10x_md.o(.text)
    DebugMon_Handler                         0x080001ad   Thumb Code     2  startup_stm32f10x_md.o(.text)
    PendSV_Handler                           0x080001af   Thumb Code     2  startup_stm32f10x_md.o(.text)
    SysTick_Handler                          0x080001b1   Thumb Code     2  startup_stm32f10x_md.o(.text)
    ADC1_2_IRQHandler                        0x080001b3   Thumb Code     0  startup_stm32f10x_md.o(.text)
    CAN1_RX1_IRQHandler                      0x080001b3   Thumb Code     0  startup_stm32f10x_md.o(.text)
    CAN1_SCE_IRQHandler                      0x080001b3   Thumb Code     0  startup_stm32f10x_md.o(.text)
    DMA1_Channel1_IRQHandler                 0x080001b3   Thumb Code     0  startup_stm32f10x_md.o(.text)
    DMA1_Channel2_IRQHandler                 0x080001b3   Thumb Code     0  startup_stm32f10x_md.o(.text)
    DMA1_Channel3_IRQHandler                 0x080001b3   Thumb Code     0  startup_stm32f10x_md.o(.text)
    DMA1_Channel4_IRQHandler                 0x080001b3   Thumb Code     0  startup_stm32f10x_md.o(.text)
    DMA1_Channel5_IRQHandler                 0x080001b3   Thumb Code     0  startup_stm32f10x_md.o(.text)
    DMA1_Channel6_IRQHandler                 0x080001b3   Thumb Code     0  startup_stm32f10x_md.o(.text)
    DMA1_Channel7_IRQHandler                 0x080001b3   Thumb Code     0  startup_stm32f10x_md.o(.text)
    EXTI0_IRQHandler                         0x080001b3   Thumb Code     0  startup_stm32f10x_md.o(.text)
    EXTI15_10_IRQHandler                     0x080001b3   Thumb Code     0  startup_stm32f10x_md.o(.text)
    EXTI1_IRQHandler                         0x080001b3   Thumb Code     0  startup_stm32f10x_md.o(.text)
    EXTI2_IRQHandler                         0x080001b3   Thumb Code     0  startup_stm32f10x_md.o(.text)
    EXTI3_IRQHandler                         0x080001b3   Thumb Code     0  startup_stm32f10x_md.o(.text)
    EXTI4_IRQHandler                         0x080001b3   Thumb Code     0  startup_stm32f10x_md.o(.text)
    FLASH_IRQHandler                         0x080001b3   Thumb Code     0  startup_stm32f10x_md.o(.text)
    I2C1_ER_IRQHandler                       0x080001b3   Thumb Code     0  startup_stm32f10x_md.o(.text)
    I2C1_EV_IRQHandler                       0x080001b3   Thumb Code     0  startup_stm32f10x_md.o(.text)
    I2C2_ER_IRQHandler                       0x080001b3   Thumb Code     0  startup_stm32f10x_md.o(.text)
    I2C2_EV_IRQHandler                       0x080001b3   Thumb Code     0  startup_stm32f10x_md.o(.text)
    PVD_IRQHandler                           0x080001b3   Thumb Code     0  startup_stm32f10x_md.o(.text)
    RCC_IRQHandler                           0x080001b3   Thumb Code     0  startup_stm32f10x_md.o(.text)
    RTCAlarm_IRQHandler                      0x080001b3   Thumb Code     0  startup_stm32f10x_md.o(.text)
    RTC_IRQHandler                           0x080001b3   Thumb Code     0  startup_stm32f10x_md.o(.text)
    SPI1_IRQHandler                          0x080001b3   Thumb Code     0  startup_stm32f10x_md.o(.text)
    SPI2_IRQHandler                          0x080001b3   Thumb Code     0  startup_stm32f10x_md.o(.text)
    TAMPER_IRQHandler                        0x080001b3   Thumb Code     0  startup_stm32f10x_md.o(.text)
    TIM1_BRK_IRQHandler                      0x080001b3   Thumb Code     0  startup_stm32f10x_md.o(.text)
    TIM1_CC_IRQHandler                       0x080001b3   Thumb Code     0  startup_stm32f10x_md.o(.text)
    TIM1_TRG_COM_IRQHandler                  0x080001b3   Thumb Code     0  startup_stm32f10x_md.o(.text)
    TIM1_UP_IRQHandler                       0x080001b3   Thumb Code     0  startup_stm32f10x_md.o(.text)
    TIM2_IRQHandler                          0x080001b3   Thumb Code     0  startup_stm32f10x_md.o(.text)
    TIM3_IRQHandler                          0x080001b3   Thumb Code     0  startup_stm32f10x_md.o(.text)
    TIM4_IRQHandler                          0x080001b3   Thumb Code     0  startup_stm32f10x_md.o(.text)
    USART1_IRQHandler                        0x080001b3   Thumb Code     0  startup_stm32f10x_md.o(.text)
    USART2_IRQHandler                        0x080001b3   Thumb Code     0  startup_stm32f10x_md.o(.text)
    USART3_IRQHandler                        0x080001b3   Thumb Code     0  startup_stm32f10x_md.o(.text)
    USBWakeUp_IRQHandler                     0x080001b3   Thumb Code     0  startup_stm32f10x_md.o(.text)
    USB_HP_CAN1_TX_IRQHandler                0x080001b3   Thumb Code     0  startup_stm32f10x_md.o(.text)
    USB_LP_CAN1_RX0_IRQHandler               0x080001b3   Thumb Code     0  startup_stm32f10x_md.o(.text)
    WWDG_IRQHandler                          0x080001b3   Thumb Code     0  startup_stm32f10x_md.o(.text)
    __user_initial_stackheap                 0x080001b5   Thumb Code     0  startup_stm32f10x_md.o(.text)
    main                                     0x080001d5   Thumb Code    88  main.o(.text)
    delay_init                               0x08000239   Thumb Code    92  delay.o(.text)
    delay_us                                 0x08000295   Thumb Code    56  delay.o(.text)
    delay_ms                                 0x080002cd   Thumb Code    56  delay.o(.text)
    MY_NVIC_SetVectorTable                   0x0800030d   Thumb Code    12  sys.o(.text)
    MY_NVIC_PriorityGroupConfig              0x08000319   Thumb Code    36  sys.o(.text)
    MY_NVIC_Init                             0x0800033d   Thumb Code   116  sys.o(.text)
    Ex_NVIC_Config                           0x080003b1   Thumb Code   146  sys.o(.text)
    MYRCC_DeInit                             0x08000443   Thumb Code    90  sys.o(.text)
    Sys_Standby                              0x0800049d   Thumb Code    68  sys.o(.text)
    Sys_Soft_Reset                           0x080004e1   Thumb Code    12  sys.o(.text)
    JTAG_Set                                 0x080004ed   Thumb Code    42  sys.o(.text)
    Stm32_Clock_Init                         0x08000517   Thumb Code   134  sys.o(.text)
    _sys_exit                                0x080005c9   Thumb Code     6  usart.o(.text)
    fputc                                    0x080005cf   Thumb Code    24  usart.o(.text)
    usart1_send                              0x080005e7   Thumb Code    22  usart.o(.text)
    uart_init                                0x080005fd   Thumb Code   182  usart.o(.text)
    LED_Init                                 0x080006c5   Thumb Code   190  led.o(.text)
    IIC_Init                                 0x08000791   Thumb Code    36  ioi2c.o(.text)
    IIC_Start                                0x080007b5   Thumb Code    92  ioi2c.o(.text)
    IIC_Stop                                 0x08000811   Thumb Code    64  ioi2c.o(.text)
    IIC_Wait_Ack                             0x08000851   Thumb Code    92  ioi2c.o(.text)
    IIC_Ack                                  0x080008ad   Thumb Code    68  ioi2c.o(.text)
    IIC_NAck                                 0x080008f1   Thumb Code    66  ioi2c.o(.text)
    IIC_Send_Byte                            0x08000933   Thumb Code    90  ioi2c.o(.text)
    i2cWrite                                 0x0800098d   Thumb Code    96  ioi2c.o(.text)
    IIC_Read_Byte                            0x080009ed   Thumb Code   100  ioi2c.o(.text)
    i2cRead                                  0x08000a51   Thumb Code   118  ioi2c.o(.text)
    I2C_ReadOneByte                          0x08000ac7   Thumb Code    70  ioi2c.o(.text)
    IICreadBytes                             0x08000b0d   Thumb Code   116  ioi2c.o(.text)
    IICwriteBytes                            0x08000b81   Thumb Code    70  ioi2c.o(.text)
    IICreadByte                              0x08000bc7   Thumb Code    22  ioi2c.o(.text)
    IICwriteByte                             0x08000bdd   Thumb Code    20  ioi2c.o(.text)
    IICwriteBits                             0x08000bf1   Thumb Code   106  ioi2c.o(.text)
    IICwriteBit                              0x08000c5b   Thumb Code    64  ioi2c.o(.text)
    EXTI_Init                                0x08000c9d   Thumb Code    76  exti.o(.text)
    EXTI9_5_IRQHandler                       0x08000cf1   Thumb Code   402  control.o(.text)
    mpu_reg_dump                             0x08000f4f   Thumb Code    72  inv_mpu.o(.text)
    mpu_read_reg                             0x08000f97   Thumb Code    66  inv_mpu.o(.text)
    mpu_set_int_latched                      0x08000fd9   Thumb Code   102  inv_mpu.o(.text)
    mpu_set_sensors                          0x0800103f   Thumb Code   202  inv_mpu.o(.text)
    mpu_set_bypass                           0x08001109   Thumb Code   328  inv_mpu.o(.text)
    mpu_reset_fifo                           0x08001251   Thumb Code   444  inv_mpu.o(.text)
    mpu_configure_fifo                       0x0800140d   Thumb Code   106  inv_mpu.o(.text)
    mpu_set_lpf                              0x08001477   Thumb Code   126  inv_mpu.o(.text)
    mpu_lp_accel_mode                        0x080014f5   Thumb Code   218  inv_mpu.o(.text)
    mpu_set_sample_rate                      0x080015cf   Thumb Code   152  inv_mpu.o(.text)
    mpu_set_accel_fsr                        0x08001667   Thumb Code   132  inv_mpu.o(.text)
    mpu_set_gyro_fsr                         0x080016eb   Thumb Code   132  inv_mpu.o(.text)
    mpu_init                                 0x0800176f   Thumb Code   416  inv_mpu.o(.text)
    myget_ms                                 0x0800190f   Thumb Code     2  inv_mpu.o(.text)
    mpu_get_gyro_reg                         0x08001911   Thumb Code   110  inv_mpu.o(.text)
    mpu_get_accel_reg                        0x0800197f   Thumb Code   110  inv_mpu.o(.text)
    mpu_get_temperature                      0x080019ed   Thumb Code   150  inv_mpu.o(.text)
    mpu_set_accel_bias                       0x08001a83   Thumb Code   468  inv_mpu.o(.text)
    mpu_get_gyro_fsr                         0x08001c57   Thumb Code    64  inv_mpu.o(.text)
    mpu_get_accel_fsr                        0x08001c97   Thumb Code    72  inv_mpu.o(.text)
    mpu_get_lpf                              0x08001cdf   Thumb Code    74  inv_mpu.o(.text)
    mpu_get_sample_rate                      0x08001d29   Thumb Code    26  inv_mpu.o(.text)
    mpu_get_compass_sample_rate              0x08001d43   Thumb Code    10  inv_mpu.o(.text)
    mpu_set_compass_sample_rate              0x08001d4d   Thumb Code     8  inv_mpu.o(.text)
    mpu_get_gyro_sens                        0x08001d55   Thumb Code    58  inv_mpu.o(.text)
    mpu_get_accel_sens                       0x08001d8f   Thumb Code    78  inv_mpu.o(.text)
    mpu_get_fifo_config                      0x08001ddd   Thumb Code    12  inv_mpu.o(.text)
    mpu_get_power_state                      0x08001de9   Thumb Code    22  inv_mpu.o(.text)
    mpu_get_int_status                       0x08001dff   Thumb Code    64  inv_mpu.o(.text)
    mpu_read_fifo                            0x08001e3f   Thumb Code   520  inv_mpu.o(.text)
    mpu_read_fifo_stream                     0x08002047   Thumb Code   186  inv_mpu.o(.text)
    mpu_set_int_level                        0x08002101   Thumb Code    12  inv_mpu.o(.text)
    mpu_set_dmp_state                        0x080027e1   Thumb Code   138  inv_mpu.o(.text)
    mpu_run_self_test                        0x0800286b   Thumb Code   278  inv_mpu.o(.text)
    mpu_write_mem                            0x08002981   Thumb Code   122  inv_mpu.o(.text)
    mpu_read_mem                             0x080029fb   Thumb Code   122  inv_mpu.o(.text)
    mpu_load_firmware                        0x08002a75   Thumb Code   190  inv_mpu.o(.text)
    mpu_get_dmp_state                        0x08002b33   Thumb Code    14  inv_mpu.o(.text)
    mpu_get_compass_reg                      0x08002b41   Thumb Code     8  inv_mpu.o(.text)
    mpu_get_compass_fsr                      0x08002b49   Thumb Code     8  inv_mpu.o(.text)
    mpu_lp_motion_interrupt                  0x08002b51   Thumb Code   512  inv_mpu.o(.text)
    dmp_load_motion_driver_firmware          0x08002d55   Thumb Code    20  inv_mpu_dmp_motion_driver.o(.text)
    dmp_set_orientation                      0x08002d69   Thumb Code   290  inv_mpu_dmp_motion_driver.o(.text)
    dmp_set_gyro_bias                        0x08002e8b   Thumb Code   294  inv_mpu_dmp_motion_driver.o(.text)
    dmp_set_accel_bias                       0x08002fb1   Thumb Code   300  inv_mpu_dmp_motion_driver.o(.text)
    dmp_set_fifo_rate                        0x080030dd   Thumb Code   136  inv_mpu_dmp_motion_driver.o(.text)
    dmp_get_fifo_rate                        0x08003165   Thumb Code    12  inv_mpu_dmp_motion_driver.o(.text)
    dmp_set_tap_thresh                       0x08003171   Thumb Code   396  inv_mpu_dmp_motion_driver.o(.text)
    dmp_set_tap_axes                         0x080032fd   Thumb Code    70  inv_mpu_dmp_motion_driver.o(.text)
    dmp_set_tap_count                        0x08003343   Thumb Code    38  inv_mpu_dmp_motion_driver.o(.text)
    dmp_set_tap_time                         0x08003369   Thumb Code    38  inv_mpu_dmp_motion_driver.o(.text)
    dmp_set_tap_time_multi                   0x0800338f   Thumb Code    38  inv_mpu_dmp_motion_driver.o(.text)
    dmp_set_shake_reject_thresh              0x080033b5   Thumb Code    56  inv_mpu_dmp_motion_driver.o(.text)
    dmp_set_shake_reject_time                0x080033ed   Thumb Code    38  inv_mpu_dmp_motion_driver.o(.text)
    dmp_set_shake_reject_timeout             0x08003413   Thumb Code    38  inv_mpu_dmp_motion_driver.o(.text)
    dmp_get_pedometer_step_count             0x08003439   Thumb Code    66  inv_mpu_dmp_motion_driver.o(.text)
    dmp_set_pedometer_step_count             0x0800347b   Thumb Code    42  inv_mpu_dmp_motion_driver.o(.text)
    dmp_get_pedometer_walk_time              0x080034a5   Thumb Code    72  inv_mpu_dmp_motion_driver.o(.text)
    dmp_set_pedometer_walk_time              0x080034ed   Thumb Code    48  inv_mpu_dmp_motion_driver.o(.text)
    dmp_enable_6x_lp_quat                    0x0800351d   Thumb Code    84  inv_mpu_dmp_motion_driver.o(.text)
    dmp_enable_lp_quat                       0x08003571   Thumb Code    60  inv_mpu_dmp_motion_driver.o(.text)
    dmp_enable_gyro_cal                      0x080035ad   Thumb Code    62  inv_mpu_dmp_motion_driver.o(.text)
    dmp_enable_feature                       0x080035eb   Thumb Code   530  inv_mpu_dmp_motion_driver.o(.text)
    dmp_get_enabled_features                 0x080037fd   Thumb Code    12  inv_mpu_dmp_motion_driver.o(.text)
    dmp_set_interrupt_mode                   0x08003867   Thumb Code    66  inv_mpu_dmp_motion_driver.o(.text)
    dmp_read_fifo                            0x080038a9   Thumb Code   514  inv_mpu_dmp_motion_driver.o(.text)
    dmp_register_tap_cb                      0x08003aab   Thumb Code    10  inv_mpu_dmp_motion_driver.o(.text)
    dmp_register_android_orient_cb           0x08003ab5   Thumb Code    10  inv_mpu_dmp_motion_driver.o(.text)
    MPU6050_newValues                        0x08003bcb   Thumb Code   494  mpu6050.o(.text)
    MPU6050_setClockSource                   0x08003db9   Thumb Code    20  mpu6050.o(.text)
    MPU6050_setFullScaleGyroRange            0x08003dcd   Thumb Code    20  mpu6050.o(.text)
    MPU6050_setFullScaleAccelRange           0x08003de1   Thumb Code    20  mpu6050.o(.text)
    MPU6050_setSleepEnabled                  0x08003df5   Thumb Code    18  mpu6050.o(.text)
    MPU6050_getDeviceID                      0x08003e07   Thumb Code    20  mpu6050.o(.text)
    MPU6050_testConnection                   0x08003e1b   Thumb Code    18  mpu6050.o(.text)
    MPU6050_setI2CMasterModeEnabled          0x08003e2d   Thumb Code    18  mpu6050.o(.text)
    MPU6050_setI2CBypassEnabled              0x08003e3f   Thumb Code    18  mpu6050.o(.text)
    MPU6050_initialize                       0x08003e51   Thumb Code    28  mpu6050.o(.text)
    DMP_Init                                 0x08003e6d   Thumb Code   122  mpu6050.o(.text)
    Read_DMP                                 0x08003ee7   Thumb Code   266  mpu6050.o(.text)
    Read_Temperature                         0x08003ff1   Thumb Code   110  mpu6050.o(.text)
    __use_no_semihosting                     0x080040b1   Thumb Code     2  use_no_semi_2.o(.text)
    __aeabi_ldivmod                          0x080040b3   Thumb Code     0  llsdiv.o(.text)
    _ll_sdiv                                 0x080040b3   Thumb Code    72  llsdiv.o(.text)
    __2printf                                0x080040fd   Thumb Code    20  noretval__2printf.o(.text)
    __printf                                 0x08004115   Thumb Code   104  __printf.o(.text)
    _printf_int_dec                          0x0800417d   Thumb Code   104  _printf_dec.o(.text)
    memcmp                                   0x080041f5   Thumb Code    88  memcmp.o(.text)
    __aeabi_memcpy4                          0x0800424d   Thumb Code     0  rt_memcpy_w.o(.text)
    __aeabi_memcpy8                          0x0800424d   Thumb Code     0  rt_memcpy_w.o(.text)
    __rt_memcpy_w                            0x0800424d   Thumb Code   100  rt_memcpy_w.o(.text)
    _memcpy_lastbytes_aligned                0x08004295   Thumb Code     0  rt_memcpy_w.o(.text)
    __aeabi_memset                           0x080042b1   Thumb Code    16  aeabi_memset.o(.text)
    __use_two_region_memory                  0x080042c1   Thumb Code     2  heapauxi.o(.text)
    __rt_heap_escrow$2region                 0x080042c3   Thumb Code     2  heapauxi.o(.text)
    __rt_heap_expand$2region                 0x080042c5   Thumb Code     2  heapauxi.o(.text)
    __I$use$semihosting                      0x080042c7   Thumb Code     0  use_no_semi.o(.text)
    __use_no_semihosting_swi                 0x080042c7   Thumb Code     2  use_no_semi.o(.text)
    __aeabi_uldivmod                         0x080042c9   Thumb Code     0  lludivv7m.o(.text)
    _ll_udiv                                 0x080042c9   Thumb Code   238  lludivv7m.o(.text)
    _printf_int_common                       0x080043b7   Thumb Code   178  _printf_intcommon.o(.text)
    _printf_char_file                        0x08004469   Thumb Code    32  _printf_char_file.o(.text)
    __aeabi_memclr                           0x0800448d   Thumb Code     0  rt_memclr.o(.text)
    __rt_memclr                              0x0800448d   Thumb Code    68  rt_memclr.o(.text)
    _memset                                  0x08004491   Thumb Code     0  rt_memclr.o(.text)
    _printf_char_common                      0x080044db   Thumb Code    32  _printf_char_common.o(.text)
    ferror                                   0x08004501   Thumb Code     8  ferror.o(.text)
    __aeabi_memclr4                          0x08004509   Thumb Code     0  rt_memclr_w.o(.text)
    __aeabi_memclr8                          0x08004509   Thumb Code     0  rt_memclr_w.o(.text)
    __rt_memclr_w                            0x08004509   Thumb Code    78  rt_memclr_w.o(.text)
    _memset_w                                0x0800450d   Thumb Code     0  rt_memclr_w.o(.text)
    __user_setup_stackheap                   0x08004557   Thumb Code    74  sys_stackheap_outer.o(.text)
    exit                                     0x080045a1   Thumb Code    12  exit.o(.text)
    __user_libspace                          0x080045ad   Thumb Code     8  libspace.o(.text)
    __user_perproc_libspace                  0x080045ad   Thumb Code     0  libspace.o(.text)
    __user_perthread_libspace                0x080045ad   Thumb Code     0  libspace.o(.text)
    __aeabi_d2f                              0x080045b5   Thumb Code     0  d2f.o(x$fpl$d2f)
    _d2f                                     0x080045b5   Thumb Code    98  d2f.o(x$fpl$d2f)
    __aeabi_dadd                             0x08004619   Thumb Code     0  daddsub_clz.o(x$fpl$dadd)
    _dadd                                    0x08004619   Thumb Code   332  daddsub_clz.o(x$fpl$dadd)
    __fpl_dcmp_Inf                           0x08004769   Thumb Code    24  dcmpi.o(x$fpl$dcmpinf)
    __aeabi_ddiv                             0x08004781   Thumb Code     0  ddiv.o(x$fpl$ddiv)
    _ddiv                                    0x08004781   Thumb Code   552  ddiv.o(x$fpl$ddiv)
    __aeabi_i2d                              0x08004a31   Thumb Code     0  dflt_clz.o(x$fpl$dflt)
    _dflt                                    0x08004a31   Thumb Code    46  dflt_clz.o(x$fpl$dflt)
    __aeabi_cdcmple                          0x08004a61   Thumb Code     0  dleqf.o(x$fpl$dleqf)
    _dcmple                                  0x08004a61   Thumb Code   120  dleqf.o(x$fpl$dleqf)
    __fpl_dcmple_InfNaN                      0x08004ac3   Thumb Code     0  dleqf.o(x$fpl$dleqf)
    __aeabi_dmul                             0x08004ad9   Thumb Code     0  dmul.o(x$fpl$dmul)
    _dmul                                    0x08004ad9   Thumb Code   332  dmul.o(x$fpl$dmul)
    __fpl_dnaninf                            0x08004c2d   Thumb Code   156  dnaninf.o(x$fpl$dnaninf)
    __fpl_dretinf                            0x08004cc9   Thumb Code    12  dretinf.o(x$fpl$dretinf)
    __aeabi_cdrcmple                         0x08004cd5   Thumb Code     0  drleqf.o(x$fpl$drleqf)
    _drcmple                                 0x08004cd5   Thumb Code   108  drleqf.o(x$fpl$drleqf)
    __aeabi_dsub                             0x08004d41   Thumb Code     0  daddsub_clz.o(x$fpl$dsub)
    _dsub                                    0x08004d41   Thumb Code   464  daddsub_clz.o(x$fpl$dsub)
    __aeabi_f2d                              0x08004f15   Thumb Code     0  f2d.o(x$fpl$f2d)
    _f2d                                     0x08004f15   Thumb Code    86  f2d.o(x$fpl$f2d)
    __aeabi_fadd                             0x08004f6d   Thumb Code     0  faddsub_clz.o(x$fpl$fadd)
    _fadd                                    0x08004f6d   Thumb Code   196  faddsub_clz.o(x$fpl$fadd)
    __fpl_fcmp_Inf                           0x08005031   Thumb Code    24  fcmpi.o(x$fpl$fcmpinf)
    __aeabi_fdiv                             0x08005049   Thumb Code     0  fdiv.o(x$fpl$fdiv)
    _fdiv                                    0x08005049   Thumb Code   384  fdiv.o(x$fpl$fdiv)
    __aeabi_cfcmpeq                          0x080051cd   Thumb Code     0  feqf.o(x$fpl$feqf)
    _fcmpeq                                  0x080051cd   Thumb Code   104  feqf.o(x$fpl$feqf)
    __aeabi_f2iz                             0x08005235   Thumb Code     0  ffix.o(x$fpl$ffix)
    _ffix                                    0x08005235   Thumb Code    54  ffix.o(x$fpl$ffix)
    __aeabi_f2uiz                            0x0800526d   Thumb Code     0  ffixu.o(x$fpl$ffixu)
    _ffixu                                   0x0800526d   Thumb Code    62  ffixu.o(x$fpl$ffixu)
    __aeabi_i2f                              0x080052ad   Thumb Code     0  fflt_clz.o(x$fpl$fflt)
    _fflt                                    0x080052ad   Thumb Code    48  fflt_clz.o(x$fpl$fflt)
    __aeabi_ui2f                             0x080052dd   Thumb Code     0  fflt_clz.o(x$fpl$ffltu)
    _ffltu                                   0x080052dd   Thumb Code    38  fflt_clz.o(x$fpl$ffltu)
    __aeabi_cfcmple                          0x08005305   Thumb Code     0  fleqf.o(x$fpl$fleqf)
    _fcmple                                  0x08005305   Thumb Code   104  fleqf.o(x$fpl$fleqf)
    __fpl_fcmple_InfNaN                      0x08005357   Thumb Code     0  fleqf.o(x$fpl$fleqf)
    __aeabi_fmul                             0x0800536d   Thumb Code     0  fmul.o(x$fpl$fmul)
    _fmul                                    0x0800536d   Thumb Code   258  fmul.o(x$fpl$fmul)
    __fpl_fnaninf                            0x0800546f   Thumb Code   140  fnaninf.o(x$fpl$fnaninf)
    __fpl_fretinf                            0x080054fb   Thumb Code    10  fretinf.o(x$fpl$fretinf)
    __aeabi_cfrcmple                         0x08005505   Thumb Code     0  frleqf.o(x$fpl$frleqf)
    _frcmple                                 0x08005505   Thumb Code    98  frleqf.o(x$fpl$frleqf)
    __aeabi_frsub                            0x08005567   Thumb Code     0  faddsub_clz.o(x$fpl$frsb)
    _frsb                                    0x08005567   Thumb Code    20  faddsub_clz.o(x$fpl$frsb)
    __aeabi_fsub                             0x0800557d   Thumb Code     0  faddsub_clz.o(x$fpl$fsub)
    _fsub                                    0x0800557d   Thumb Code   234  faddsub_clz.o(x$fpl$fsub)
    __I$use$fp                               0x08005666   Number         0  usenofp.o(x$fpl$usenofp)
    hw                                       0x08005668   Data          12  inv_mpu.o(.constdata)
    reg                                      0x08005674   Data          27  inv_mpu.o(.constdata)
    test                                     0x08005690   Data          40  inv_mpu.o(.constdata)
    Region$$Table$$Base                      0x08006300   Number         0  anon$$obj.o(Region$$Table)
    Region$$Table$$Limit                     0x08006320   Number         0  anon$$obj.o(Region$$Table)
    delay_50                                 0x20000000   Data           1  main.o(.data)
    delay_flag                               0x20000001   Data           1  main.o(.data)
    __stdout                                 0x20000008   Data           4  usart.o(.data)
    gyro                                     0x2000005c   Data           6  mpu6050.o(.data)
    accel                                    0x20000062   Data           6  mpu6050.o(.data)
    sensors                                  0x20000068   Data           2  mpu6050.o(.data)
    q0                                       0x2000006c   Data           4  mpu6050.o(.data)
    q1                                       0x20000070   Data           4  mpu6050.o(.data)
    q2                                       0x20000074   Data           4  mpu6050.o(.data)
    q3                                       0x20000078   Data           4  mpu6050.o(.data)
    Gx_offset                                0x200000a2   Data           2  mpu6050.o(.data)
    Gy_offset                                0x200000a4   Data           2  mpu6050.o(.data)
    Gz_offset                                0x200000a6   Data           2  mpu6050.o(.data)
    buffer                                   0x200000c3   Data          14  mpu6050.o(.bss)
    MPU6050_FIFO                             0x200000d2   Data         132  mpu6050.o(.bss)
    gyroNow                                  0x20000158   Data          24  rollingball.o(.bss)
    gyro_1                                   0x20000170   Data          24  rollingball.o(.bss)
    accelNow                                 0x20000188   Data          24  rollingball.o(.bss)
    accel_1                                  0x200001a0   Data          24  rollingball.o(.bss)
    __libspace_start                         0x200001b8   Data          96  libspace.o(.bss)
    __temporary_stack_top$libspace           0x20000218   Data           0  libspace.o(.bss)



==============================================================================

Memory Map of the image

  Image Entry point : 0x080000ed

  Load Region LR_IROM1 (Base: 0x08000000, Size: 0x000063c8, Max: 0x00010000, ABSOLUTE)

    Execution Region ER_IROM1 (Base: 0x08000000, Size: 0x00006320, Max: 0x00010000, ABSOLUTE)

    Base Addr    Size         Type   Attr      Idx    E Section Name        Object

    0x08000000   0x000000ec   Data   RO            3    RESET               startup_stm32f10x_md.o
    0x080000ec   0x00000008   Code   RO          325  * !!!main             c_w.l(__main.o)
    0x080000f4   0x00000034   Code   RO          579    !!!scatter          c_w.l(__scatter.o)
    0x08000128   0x0000001a   Code   RO          581    !!handler_copy      c_w.l(__scatter_copy.o)
    0x08000142   0x00000002   PAD
    0x08000144   0x0000001c   Code   RO          583    !!handler_zi        c_w.l(__scatter_zi.o)
    0x08000160   0x00000000   Code   RO          316    .ARM.Collect$$_printf_percent$$00000000  c_w.l(_printf_percent.o)
    0x08000160   0x00000006   Code   RO          315    .ARM.Collect$$_printf_percent$$00000009  c_w.l(_printf_d.o)
    0x08000166   0x00000004   Code   RO          392    .ARM.Collect$$_printf_percent$$00000017  c_w.l(_printf_percent_end.o)
    0x0800016a   0x00000002   Code   RO          450    .ARM.Collect$$libinit$$00000000  c_w.l(libinit.o)
    0x0800016c   0x00000000   Code   RO          461    .ARM.Collect$$libinit$$00000002  c_w.l(libinit2.o)
    0x0800016c   0x00000000   Code   RO          463    .ARM.Collect$$libinit$$00000004  c_w.l(libinit2.o)
    0x0800016c   0x00000000   Code   RO          466    .ARM.Collect$$libinit$$0000000A  c_w.l(libinit2.o)
    0x0800016c   0x00000000   Code   RO          468    .ARM.Collect$$libinit$$0000000C  c_w.l(libinit2.o)
    0x0800016c   0x00000000   Code   RO          470    .ARM.Collect$$libinit$$0000000E  c_w.l(libinit2.o)
    0x0800016c   0x00000000   Code   RO          473    .ARM.Collect$$libinit$$00000011  c_w.l(libinit2.o)
    0x0800016c   0x00000000   Code   RO          475    .ARM.Collect$$libinit$$00000013  c_w.l(libinit2.o)
    0x0800016c   0x00000000   Code   RO          477    .ARM.Collect$$libinit$$00000015  c_w.l(libinit2.o)
    0x0800016c   0x00000000   Code   RO          479    .ARM.Collect$$libinit$$00000017  c_w.l(libinit2.o)
    0x0800016c   0x00000000   Code   RO          481    .ARM.Collect$$libinit$$00000019  c_w.l(libinit2.o)
    0x0800016c   0x00000000   Code   RO          483    .ARM.Collect$$libinit$$0000001B  c_w.l(libinit2.o)
    0x0800016c   0x00000000   Code   RO          485    .ARM.Collect$$libinit$$0000001D  c_w.l(libinit2.o)
    0x0800016c   0x00000000   Code   RO          487    .ARM.Collect$$libinit$$0000001F  c_w.l(libinit2.o)
    0x0800016c   0x00000000   Code   RO          489    .ARM.Collect$$libinit$$00000021  c_w.l(libinit2.o)
    0x0800016c   0x00000000   Code   RO          491    .ARM.Collect$$libinit$$00000023  c_w.l(libinit2.o)
    0x0800016c   0x00000000   Code   RO          493    .ARM.Collect$$libinit$$00000025  c_w.l(libinit2.o)
    0x0800016c   0x00000000   Code   RO          497    .ARM.Collect$$libinit$$0000002C  c_w.l(libinit2.o)
    0x0800016c   0x00000000   Code   RO          499    .ARM.Collect$$libinit$$0000002E  c_w.l(libinit2.o)
    0x0800016c   0x00000000   Code   RO          501    .ARM.Collect$$libinit$$00000030  c_w.l(libinit2.o)
    0x0800016c   0x00000000   Code   RO          503    .ARM.Collect$$libinit$$00000032  c_w.l(libinit2.o)
    0x0800016c   0x00000002   Code   RO          504    .ARM.Collect$$libinit$$00000033  c_w.l(libinit2.o)
    0x0800016e   0x00000002   Code   RO          532    .ARM.Collect$$libshutdown$$00000000  c_w.l(libshutdown.o)
    0x08000170   0x00000000   Code   RO          547    .ARM.Collect$$libshutdown$$00000003  c_w.l(libshutdown2.o)
    0x08000170   0x00000000   Code   RO          550    .ARM.Collect$$libshutdown$$00000006  c_w.l(libshutdown2.o)
    0x08000170   0x00000000   Code   RO          553    .ARM.Collect$$libshutdown$$00000009  c_w.l(libshutdown2.o)
    0x08000170   0x00000000   Code   RO          555    .ARM.Collect$$libshutdown$$0000000B  c_w.l(libshutdown2.o)
    0x08000170   0x00000000   Code   RO          558    .ARM.Collect$$libshutdown$$0000000E  c_w.l(libshutdown2.o)
    0x08000170   0x00000002   Code   RO          559    .ARM.Collect$$libshutdown$$0000000F  c_w.l(libshutdown2.o)
    0x08000172   0x00000000   Code   RO          385    .ARM.Collect$$rtentry$$00000000  c_w.l(__rtentry.o)
    0x08000172   0x00000000   Code   RO          409    .ARM.Collect$$rtentry$$00000002  c_w.l(__rtentry2.o)
    0x08000172   0x00000006   Code   RO          421    .ARM.Collect$$rtentry$$00000004  c_w.l(__rtentry4.o)
    0x08000178   0x00000000   Code   RO          411    .ARM.Collect$$rtentry$$00000009  c_w.l(__rtentry2.o)
    0x08000178   0x00000004   Code   RO          412    .ARM.Collect$$rtentry$$0000000A  c_w.l(__rtentry2.o)
    0x0800017c   0x00000000   Code   RO          414    .ARM.Collect$$rtentry$$0000000C  c_w.l(__rtentry2.o)
    0x0800017c   0x00000008   Code   RO          415    .ARM.Collect$$rtentry$$0000000D  c_w.l(__rtentry2.o)
    0x08000184   0x00000002   Code   RO          454    .ARM.Collect$$rtexit$$00000000  c_w.l(rtexit.o)
    0x08000186   0x00000000   Code   RO          506    .ARM.Collect$$rtexit$$00000002  c_w.l(rtexit2.o)
    0x08000186   0x00000004   Code   RO          507    .ARM.Collect$$rtexit$$00000003  c_w.l(rtexit2.o)
    0x0800018a   0x00000006   Code   RO          508    .ARM.Collect$$rtexit$$00000004  c_w.l(rtexit2.o)
    0x08000190   0x0000000c   Code   RO          106    .emb_text           sys.o
    0x0800019c   0x00000038   Code   RO            4    .text               startup_stm32f10x_md.o
    0x080001d4   0x00000064   Code   RO           10    .text               main.o
    0x08000238   0x000000d4   Code   RO           88    .text               delay.o
    0x0800030c   0x000002bc   Code   RO          107    .text               sys.o
    0x080005c8   0x000000fc   Code   RO          122    .text               usart.o
    0x080006c4   0x000000cc   Code   RO          147    .text               led.o
    0x08000790   0x0000050a   Code   RO          159    .text               ioi2c.o
    0x08000c9a   0x00000002   PAD
    0x08000c9c   0x00000054   Code   RO          171    .text               exti.o
    0x08000cf0   0x000001d4   Code   RO          186    .text               control.o
    0x08000ec4   0x00001e90   Code   RO          206    .text               inv_mpu.o
    0x08002d54   0x00000d70   Code   RO          230    .text               inv_mpu_dmp_motion_driver.o
    0x08003ac4   0x000005ec   Code   RO          245    .text               mpu6050.o
    0x080040b0   0x00000002   Code   RO          283    .text               c_w.l(use_no_semi_2.o)
    0x080040b2   0x00000048   Code   RO          285    .text               c_w.l(llsdiv.o)
    0x080040fa   0x00000002   PAD
    0x080040fc   0x00000018   Code   RO          289    .text               c_w.l(noretval__2printf.o)
    0x08004114   0x00000068   Code   RO          291    .text               c_w.l(__printf.o)
    0x0800417c   0x00000078   Code   RO          293    .text               c_w.l(_printf_dec.o)
    0x080041f4   0x00000058   Code   RO          317    .text               c_w.l(memcmp.o)
    0x0800424c   0x00000064   Code   RO          319    .text               c_w.l(rt_memcpy_w.o)
    0x080042b0   0x00000010   Code   RO          321    .text               c_w.l(aeabi_memset.o)
    0x080042c0   0x00000006   Code   RO          323    .text               c_w.l(heapauxi.o)
    0x080042c6   0x00000002   Code   RO          383    .text               c_w.l(use_no_semi.o)
    0x080042c8   0x000000ee   Code   RO          386    .text               c_w.l(lludivv7m.o)
    0x080043b6   0x000000b2   Code   RO          388    .text               c_w.l(_printf_intcommon.o)
    0x08004468   0x00000024   Code   RO          390    .text               c_w.l(_printf_char_file.o)
    0x0800448c   0x00000044   Code   RO          393    .text               c_w.l(rt_memclr.o)
    0x080044d0   0x00000030   Code   RO          427    .text               c_w.l(_printf_char_common.o)
    0x08004500   0x00000008   Code   RO          429    .text               c_w.l(ferror.o)
    0x08004508   0x0000004e   Code   RO          433    .text               c_w.l(rt_memclr_w.o)
    0x08004556   0x0000004a   Code   RO          437    .text               c_w.l(sys_stackheap_outer.o)
    0x080045a0   0x0000000c   Code   RO          443    .text               c_w.l(exit.o)
    0x080045ac   0x00000008   Code   RO          451    .text               c_w.l(libspace.o)
    0x080045b4   0x00000062   Code   RO          327    x$fpl$d2f           fz_ws.l(d2f.o)
    0x08004616   0x00000002   PAD
    0x08004618   0x00000150   Code   RO          329    x$fpl$dadd          fz_ws.l(daddsub_clz.o)
    0x08004768   0x00000018   Code   RO          435    x$fpl$dcmpinf       fz_ws.l(dcmpi.o)
    0x08004780   0x000002b0   Code   RO          336    x$fpl$ddiv          fz_ws.l(ddiv.o)
    0x08004a30   0x0000002e   Code   RO          340    x$fpl$dflt          fz_ws.l(dflt_clz.o)
    0x08004a5e   0x00000002   PAD
    0x08004a60   0x00000078   Code   RO          395    x$fpl$dleqf         fz_ws.l(dleqf.o)
    0x08004ad8   0x00000154   Code   RO          345    x$fpl$dmul          fz_ws.l(dmul.o)
    0x08004c2c   0x0000009c   Code   RO          397    x$fpl$dnaninf       fz_ws.l(dnaninf.o)
    0x08004cc8   0x0000000c   Code   RO          399    x$fpl$dretinf       fz_ws.l(dretinf.o)
    0x08004cd4   0x0000006c   Code   RO          347    x$fpl$drleqf        fz_ws.l(drleqf.o)
    0x08004d40   0x000001d4   Code   RO          331    x$fpl$dsub          fz_ws.l(daddsub_clz.o)
    0x08004f14   0x00000056   Code   RO          349    x$fpl$f2d           fz_ws.l(f2d.o)
    0x08004f6a   0x00000002   PAD
    0x08004f6c   0x000000c4   Code   RO          351    x$fpl$fadd          fz_ws.l(faddsub_clz.o)
    0x08005030   0x00000018   Code   RO          401    x$fpl$fcmpinf       fz_ws.l(fcmpi.o)
    0x08005048   0x00000184   Code   RO          358    x$fpl$fdiv          fz_ws.l(fdiv.o)
    0x080051cc   0x00000068   Code   RO          361    x$fpl$feqf          fz_ws.l(feqf.o)
    0x08005234   0x00000036   Code   RO          363    x$fpl$ffix          fz_ws.l(ffix.o)
    0x0800526a   0x00000002   PAD
    0x0800526c   0x0000003e   Code   RO          367    x$fpl$ffixu         fz_ws.l(ffixu.o)
    0x080052aa   0x00000002   PAD
    0x080052ac   0x00000030   Code   RO          372    x$fpl$fflt          fz_ws.l(fflt_clz.o)
    0x080052dc   0x00000026   Code   RO          371    x$fpl$ffltu         fz_ws.l(fflt_clz.o)
    0x08005302   0x00000002   PAD
    0x08005304   0x00000068   Code   RO          377    x$fpl$fleqf         fz_ws.l(fleqf.o)
    0x0800536c   0x00000102   Code   RO          379    x$fpl$fmul          fz_ws.l(fmul.o)
    0x0800546e   0x0000008c   Code   RO          403    x$fpl$fnaninf       fz_ws.l(fnaninf.o)
    0x080054fa   0x0000000a   Code   RO          405    x$fpl$fretinf       fz_ws.l(fretinf.o)
    0x08005504   0x00000062   Code   RO          381    x$fpl$frleqf        fz_ws.l(frleqf.o)
    0x08005566   0x00000014   Code   RO          352    x$fpl$frsb          fz_ws.l(faddsub_clz.o)
    0x0800557a   0x00000002   PAD
    0x0800557c   0x000000ea   Code   RO          353    x$fpl$fsub          fz_ws.l(faddsub_clz.o)
    0x08005666   0x00000000   Code   RO          407    x$fpl$usenofp       fz_ws.l(usenofp.o)
    0x08005666   0x00000002   PAD
    0x08005668   0x00000050   Data   RO          207    .constdata          inv_mpu.o
    0x080056b8   0x00000bf6   Data   RO          232    .constdata          inv_mpu_dmp_motion_driver.o
    0x080062ae   0x00000002   PAD
    0x080062b0   0x0000004e   Data   RO          208    .conststring        inv_mpu.o
    0x080062fe   0x00000002   PAD
    0x08006300   0x00000020   Data   RO          577    Region$$Table       anon$$obj.o


    Execution Region RW_IRAM1 (Base: 0x20000000, Size: 0x00000818, Max: 0x00005000, ABSOLUTE)

    Base Addr    Size         Type   Attr      Idx    E Section Name        Object

    0x20000000   0x00000002   Data   RW           11    .data               main.o
    0x20000002   0x00000004   Data   RW           89    .data               delay.o
    0x20000006   0x00000002   PAD
    0x20000008   0x00000004   Data   RW          123    .data               usart.o
    0x2000000c   0x00000004   PAD
    0x20000010   0x00000020   Data   RW          187    .data               control.o
    0x20000030   0x0000002c   Data   RW          209    .data               inv_mpu.o
    0x2000005c   0x0000004c   Data   RW          247    .data               mpu6050.o
    0x200000a8   0x00000010   Zero   RW          231    .bss                inv_mpu_dmp_motion_driver.o
    0x200000b8   0x0000009e   Zero   RW          246    .bss                mpu6050.o
    0x20000156   0x00000002   PAD
    0x20000158   0x00000060   Zero   RW          269    .bss                rollingball.o
    0x200001b8   0x00000060   Zero   RW          452    .bss                c_w.l(libspace.o)
    0x20000218   0x00000200   Zero   RW            2    HEAP                startup_stm32f10x_md.o
    0x20000418   0x00000400   Zero   RW            1    STACK               startup_stm32f10x_md.o


==============================================================================

Image component sizes


      Code (inc. data)   RO Data    RW Data    ZI Data      Debug   Object Name

       468         66          0         32          0        833   control.o
       212          8          0          4          0       1027   delay.o
        84          8          0          0          0        448   exti.o
      7824        172        158         44          0      20795   inv_mpu.o
      3440        126       3062          0         16      14671   inv_mpu_dmp_motion_driver.o
      1290         16          0          0          0       5382   ioi2c.o
       204         14          0          0          0        459   led.o
       100         12          0          2          0     206861   main.o
      1516         82          0         76        158      20731   mpu6050.o
         0          0          0          0         96        710   rollingball.o
        56         22        236          0       1536        796   startup_stm32f10x_md.o
       712         44          0          0          0       2723   sys.o
       252         18          0          4          0       2858   usart.o

    ----------------------------------------------------------------------
     16160        588       3492        168       1808     278294   Object Totals
         0          0         32          0          0          0   (incl. Generated)
         2          0          4          6          2          0   (incl. Padding)

    ----------------------------------------------------------------------

      Code (inc. data)   RO Data    RW Data    ZI Data      Debug   Library Member Name

         8          0          0          0          0         68   __main.o
       104          0          0          0          0         84   __printf.o
         0          0          0          0          0          0   __rtentry.o
        12          0          0          0          0          0   __rtentry2.o
         6          0          0          0          0          0   __rtentry4.o
        52          8          0          0          0          0   __scatter.o
        26          0          0          0          0          0   __scatter_copy.o
        28          0          0          0          0          0   __scatter_zi.o
        48          6          0          0          0         96   _printf_char_common.o
        36          4          0          0          0         80   _printf_char_file.o
         6          0          0          0          0          0   _printf_d.o
       120         16          0          0          0         92   _printf_dec.o
       178          0          0          0          0         88   _printf_intcommon.o
         0          0          0          0          0          0   _printf_percent.o
         4          0          0          0          0          0   _printf_percent_end.o
        16          0          0          0          0         68   aeabi_memset.o
        12          0          0          0          0         72   exit.o
         8          0          0          0          0         68   ferror.o
         6          0          0          0          0        152   heapauxi.o
         2          0          0          0          0          0   libinit.o
         2          0          0          0          0          0   libinit2.o
         2          0          0          0          0          0   libshutdown.o
         2          0          0          0          0          0   libshutdown2.o
         8          4          0          0         96         68   libspace.o
        72          0          0          0          0         76   llsdiv.o
       238          0          0          0          0        100   lludivv7m.o
        88          0          0          0          0         76   memcmp.o
        24          4          0          0          0         84   noretval__2printf.o
        68          0          0          0          0         68   rt_memclr.o
        78          0          0          0          0         80   rt_memclr_w.o
       100          0          0          0          0         80   rt_memcpy_w.o
         2          0          0          0          0          0   rtexit.o
        10          0          0          0          0          0   rtexit2.o
        74          0          0          0          0         80   sys_stackheap_outer.o
         2          0          0          0          0         68   use_no_semi.o
         2          0          0          0          0         68   use_no_semi_2.o
        98          4          0          0          0         92   d2f.o
       804         16          0          0          0        272   daddsub_clz.o
        24          0          0          0          0         68   dcmpi.o
       688        140          0          0          0        208   ddiv.o
        46          0          0          0          0         68   dflt_clz.o
       120          4          0          0          0         92   dleqf.o
       340         12          0          0          0        104   dmul.o
       156          4          0          0          0         92   dnaninf.o
        12          0          0          0          0         68   dretinf.o
       108          0          0          0          0         80   drleqf.o
        86          4          0          0          0         84   f2d.o
       450          8          0          0          0        236   faddsub_clz.o
        24          0          0          0          0         68   fcmpi.o
       388         76          0          0          0         96   fdiv.o
       104          4          0          0          0         84   feqf.o
        54          4          0          0          0         84   ffix.o
        62          4          0          0          0         84   ffixu.o
        86          0          0          0          0        136   fflt_clz.o
       104          4          0          0          0         84   fleqf.o
       258          4          0          0          0         84   fmul.o
       140          4          0          0          0         84   fnaninf.o
        10          0          0          0          0         68   fretinf.o
        98          0          0          0          0         68   frleqf.o
         0          0          0          0          0          0   usenofp.o

    ----------------------------------------------------------------------
      5724        334          0          0         96       4120   Library Totals
        20          0          0          0          0          0   (incl. Padding)

    ----------------------------------------------------------------------

      Code (inc. data)   RO Data    RW Data    ZI Data      Debug   Library Name

      1444         42          0          0         96       1716   c_w.l
      4260        292          0          0          0       2404   fz_ws.l

    ----------------------------------------------------------------------
      5724        334          0          0         96       4120   Library Totals

    ----------------------------------------------------------------------

==============================================================================


      Code (inc. data)   RO Data    RW Data    ZI Data      Debug   

     21884        922       3492        168       1904     279342   Grand Totals
     21884        922       3492        168       1904     279342   ELF Image Totals
     21884        922       3492        168          0          0   ROM Totals

==============================================================================

    Total RO  Size (Code + RO Data)                25376 (  24.78kB)
    Total RW  Size (RW Data + ZI Data)              2072 (   2.02kB)
    Total ROM Size (Code + RO Data + RW Data)      25544 (  24.95kB)

==============================================================================

